   text	   data	    bss	    dec	    hex	filename
 0x6bf4	 0x1cdc	  0x250	  35616	   8b20	/home/nh/gap_riscv_toolchain_ubuntu/gap_sdk/examples/gap8/basic/helloworld/BUILD/GAP8_V3/GCC_RISCV_PULPOS/test
/home/nh/gap_riscv_toolchain_ubuntu/gap_sdk/examples/gap8/basic/helloworld/BUILD/GAP8_V3/GCC_RISCV_PULPOS/test:1b000bb8 00000001 D camera_isAwaked	/home/nh/gap_riscv_toolchain_ubuntu/gap_sdk/gap8/rtos/pulp/pulp-os/drivers_deprecated/camera/himax.c:150
/home/nh/gap_riscv_toolchain_ubuntu/gap_sdk/examples/gap8/basic/helloworld/BUILD/GAP8_V3/GCC_RISCV_PULPOS/test:00000338 00000001 D __rt_hyper_pending_emu_do_memcpy	/home/nh/gap_riscv_toolchain_ubuntu/gap_sdk/gap8/rtos/pulp/pulp-os/drivers/hyper/hyperram-v1.c:53
/home/nh/gap_riscv_toolchain_ubuntu/gap_sdk/examples/gap8/basic/helloworld/BUILD/GAP8_V3/GCC_RISCV_PULPOS/test:1c003164 00000002 W illegal_insn_handler_c	/home/nh/gap_riscv_toolchain_ubuntu/gap_sdk/gap8/rtos/pulp/pulp-os/kernel/irq.c:89
/home/nh/gap_riscv_toolchain_ubuntu/gap_sdk/examples/gap8/basic/helloworld/BUILD/GAP8_V3/GCC_RISCV_PULPOS/test:1c003a16 00000002 T pi_time_get_us	/home/nh/gap_riscv_toolchain_ubuntu/gap_sdk/gap8/rtos/pulp/pulp-os/kernel/time.c:53
/home/nh/gap_riscv_toolchain_ubuntu/gap_sdk/examples/gap8/basic/helloworld/BUILD/GAP8_V3/GCC_RISCV_PULPOS/test:1c0042d0 00000002 T __rt_fll_deinit	/home/nh/gap_riscv_toolchain_ubuntu/gap_sdk/gap8/rtos/pulp/pulp-os/kernel/gap/pmu_driver.c:876
/home/nh/gap_riscv_toolchain_ubuntu/gap_sdk/examples/gap8/basic/helloworld/BUILD/GAP8_V3/GCC_RISCV_PULPOS/test:1c0042d2 00000002 T __rt_flls_constructor	/home/nh/gap_riscv_toolchain_ubuntu/gap_sdk/gap8/rtos/pulp/pulp-os/kernel/gap/pmu_driver.c:880
/home/nh/gap_riscv_toolchain_ubuntu/gap_sdk/examples/gap8/basic/helloworld/BUILD/GAP8_V3/GCC_RISCV_PULPOS/test:1c00745c 00000003 d ToHWDCDC_Pos	/home/nh/gap_riscv_toolchain_ubuntu/gap_sdk/gap8/rtos/pulp/pulp-os/kernel/gap/pmu_driver.c:192
/home/nh/gap_riscv_toolchain_ubuntu/gap_sdk/examples/gap8/basic/helloworld/BUILD/GAP8_V3/GCC_RISCV_PULPOS/test:1c00661c 00000004 t ctor_list	/home/nh/gap_riscv_toolchain_ubuntu/gap_sdk/gap8/rtos/pulp/pulp-os/kernel/init.c:29
/home/nh/gap_riscv_toolchain_ubuntu/gap_sdk/examples/gap8/basic/helloworld/BUILD/GAP8_V3/GCC_RISCV_PULPOS/test:1c006658 00000004 t dtor_list	/home/nh/gap_riscv_toolchain_ubuntu/gap_sdk/gap8/rtos/pulp/pulp-os/kernel/init.c:30
/home/nh/gap_riscv_toolchain_ubuntu/gap_sdk/examples/gap8/basic/helloworld/BUILD/GAP8_V3/GCC_RISCV_PULPOS/test:1c007704 00000004 B first_delayed
/home/nh/gap_riscv_toolchain_ubuntu/gap_sdk/examples/gap8/basic/helloworld/BUILD/GAP8_V3/GCC_RISCV_PULPOS/test:1c0076d4 00000004 b __pi_hyper_cluster_reqs_first	/home/nh/gap_riscv_toolchain_ubuntu/gap_sdk/gap8/rtos/pulp/pulp-os/drivers/hyper/hyperram-v1.c:62
/home/nh/gap_riscv_toolchain_ubuntu/gap_sdk/examples/gap8/basic/helloworld/BUILD/GAP8_V3/GCC_RISCV_PULPOS/test:1c003114 00000004 T pi_open_from_conf	/home/nh/gap_riscv_toolchain_ubuntu/gap_sdk/gap8/rtos/pulp/pulp-os/kernel/init.c:325
/home/nh/gap_riscv_toolchain_ubuntu/gap_sdk/examples/gap8/basic/helloworld/BUILD/GAP8_V3/GCC_RISCV_PULPOS/test:1c007460 00000004 D PMURetentionState
/home/nh/gap_riscv_toolchain_ubuntu/gap_sdk/examples/gap8/basic/helloworld/BUILD/GAP8_V3/GCC_RISCV_PULPOS/test:00000354 00000004 D pwmEventsStatus	/home/nh/gap_riscv_toolchain_ubuntu/gap_sdk/gap8/rtos/pulp/pulp-os/drivers/pwm/pwm.c:9
/home/nh/gap_riscv_toolchain_ubuntu/gap_sdk/examples/gap8/basic/helloworld/BUILD/GAP8_V3/GCC_RISCV_PULPOS/test:1c00746c 00000004 d RetPMUStateToPMUState	/home/nh/gap_riscv_toolchain_ubuntu/gap_sdk/gap8/rtos/pulp/pulp-os/kernel/gap/pmu_driver.c:185
/home/nh/gap_riscv_toolchain_ubuntu/gap_sdk/examples/gap8/basic/helloworld/BUILD/GAP8_V3/GCC_RISCV_PULPOS/test:1c007700 00000004 B __rt_alloc_fc_tcdm
/home/nh/gap_riscv_toolchain_ubuntu/gap_sdk/examples/gap8/basic/helloworld/BUILD/GAP8_V3/GCC_RISCV_PULPOS/test:1c0076f8 00000004 B __rt_alloc_l1
/home/nh/gap_riscv_toolchain_ubuntu/gap_sdk/examples/gap8/basic/helloworld/BUILD/GAP8_V3/GCC_RISCV_PULPOS/test:1c0076fc 00000004 B __rt_alloc_l2
/home/nh/gap_riscv_toolchain_ubuntu/gap_sdk/examples/gap8/basic/helloworld/BUILD/GAP8_V3/GCC_RISCV_PULPOS/test:00000014 00000004 d __rt_bridge_eeprom_handle	/home/nh/gap_riscv_toolchain_ubuntu/gap_sdk/gap8/rtos/pulp/pulp-os/kernel/bridge.c:25
/home/nh/gap_riscv_toolchain_ubuntu/gap_sdk/examples/gap8/basic/helloworld/BUILD/GAP8_V3/GCC_RISCV_PULPOS/test:00000010 00000004 d __rt_bridge_flash_cs	/home/nh/gap_riscv_toolchain_ubuntu/gap_sdk/gap8/rtos/pulp/pulp-os/kernel/bridge.c:29
/home/nh/gap_riscv_toolchain_ubuntu/gap_sdk/examples/gap8/basic/helloworld/BUILD/GAP8_V3/GCC_RISCV_PULPOS/test:00000004 00000004 d __rt_bridge_flash_handle	/home/nh/gap_riscv_toolchain_ubuntu/gap_sdk/gap8/rtos/pulp/pulp-os/kernel/bridge.c:26
/home/nh/gap_riscv_toolchain_ubuntu/gap_sdk/examples/gap8/basic/helloworld/BUILD/GAP8_V3/GCC_RISCV_PULPOS/test:0000000c 00000004 d __rt_bridge_flash_itf	/home/nh/gap_riscv_toolchain_ubuntu/gap_sdk/gap8/rtos/pulp/pulp-os/kernel/bridge.c:28
/home/nh/gap_riscv_toolchain_ubuntu/gap_sdk/examples/gap8/basic/helloworld/BUILD/GAP8_V3/GCC_RISCV_PULPOS/test:00000008 00000004 d __rt_bridge_flash_type	/home/nh/gap_riscv_toolchain_ubuntu/gap_sdk/gap8/rtos/pulp/pulp-os/kernel/bridge.c:27
/home/nh/gap_riscv_toolchain_ubuntu/gap_sdk/examples/gap8/basic/helloworld/BUILD/GAP8_V3/GCC_RISCV_PULPOS/test:00000390 00000004 D __rtc_handler	/home/nh/gap_riscv_toolchain_ubuntu/gap_sdk/gap8/rtos/pulp/pulp-os/drivers_deprecated/dolphin/rtc.c:25
/home/nh/gap_riscv_toolchain_ubuntu/gap_sdk/examples/gap8/basic/helloworld/BUILD/GAP8_V3/GCC_RISCV_PULPOS/test:1000001c 00000004 D __rt_cluster_fc_task_lock	/home/nh/gap_riscv_toolchain_ubuntu/gap_sdk/gap8/rtos/pulp/pulp-os/kernel/cluster.c:59
/home/nh/gap_riscv_toolchain_ubuntu/gap_sdk/examples/gap8/basic/helloworld/BUILD/GAP8_V3/GCC_RISCV_PULPOS/test:00000018 00000004 D __rt_cluster_nb_active_pe
/home/nh/gap_riscv_toolchain_ubuntu/gap_sdk/examples/gap8/basic/helloworld/BUILD/GAP8_V3/GCC_RISCV_PULPOS/test:1c007714 00000004 B __rt_cluster_tasks	/home/nh/gap_riscv_toolchain_ubuntu/gap_sdk/gap8/rtos/pulp/pulp-os/kernel/cluster.c:41
/home/nh/gap_riscv_toolchain_ubuntu/gap_sdk/examples/gap8/basic/helloworld/BUILD/GAP8_V3/GCC_RISCV_PULPOS/test:1b000b9c 00000004 D __rt_debug_config
/home/nh/gap_riscv_toolchain_ubuntu/gap_sdk/examples/gap8/basic/helloworld/BUILD/GAP8_V3/GCC_RISCV_PULPOS/test:1b000b98 00000004 D __rt_debug_config_trace
/home/nh/gap_riscv_toolchain_ubuntu/gap_sdk/examples/gap8/basic/helloworld/BUILD/GAP8_V3/GCC_RISCV_PULPOS/test:00000014 00000004 D __rt_dma_first_pending
/home/nh/gap_riscv_toolchain_ubuntu/gap_sdk/examples/gap8/basic/helloworld/BUILD/GAP8_V3/GCC_RISCV_PULPOS/test:00000010 00000004 D __rt_dma_last_pending
/home/nh/gap_riscv_toolchain_ubuntu/gap_sdk/examples/gap8/basic/helloworld/BUILD/GAP8_V3/GCC_RISCV_PULPOS/test:1c0076d0 00000004 b __rt_fc_cluster_device	/home/nh/gap_riscv_toolchain_ubuntu/gap_sdk/gap8/rtos/pulp/pulp-os/kernel/pulpos_emu.c:25
/home/nh/gap_riscv_toolchain_ubuntu/gap_sdk/examples/gap8/basic/helloworld/BUILD/GAP8_V3/GCC_RISCV_PULPOS/test:1c007440 00000004 V __rt_fc_stack_size
/home/nh/gap_riscv_toolchain_ubuntu/gap_sdk/examples/gap8/basic/helloworld/BUILD/GAP8_V3/GCC_RISCV_PULPOS/test:00000018 00000004 D __rt_first_free
/home/nh/gap_riscv_toolchain_ubuntu/gap_sdk/examples/gap8/basic/helloworld/BUILD/GAP8_V3/GCC_RISCV_PULPOS/test:00000324 00000004 D __rt_hyper_current_task	/home/nh/gap_riscv_toolchain_ubuntu/gap_sdk/gap8/rtos/pulp/pulp-os/drivers/hyper/hyperram-v1.c:27
/home/nh/gap_riscv_toolchain_ubuntu/gap_sdk/examples/gap8/basic/helloworld/BUILD/GAP8_V3/GCC_RISCV_PULPOS/test:00000320 00000004 D __rt_hyper_end_task	/home/nh/gap_riscv_toolchain_ubuntu/gap_sdk/gap8/rtos/pulp/pulp-os/drivers/hyper/hyperram-v1.c:25
/home/nh/gap_riscv_toolchain_ubuntu/gap_sdk/examples/gap8/basic/helloworld/BUILD/GAP8_V3/GCC_RISCV_PULPOS/test:1c0076d8 00000004 b __rt_hyper_open_count	/home/nh/gap_riscv_toolchain_ubuntu/gap_sdk/gap8/rtos/pulp/pulp-os/drivers/hyper/hyperram-v1.c:65
/home/nh/gap_riscv_toolchain_ubuntu/gap_sdk/examples/gap8/basic/helloworld/BUILD/GAP8_V3/GCC_RISCV_PULPOS/test:00000314 00000004 D __rt_hyper_pending_addr	/home/nh/gap_riscv_toolchain_ubuntu/gap_sdk/gap8/rtos/pulp/pulp-os/drivers/hyper/hyperram-v1.c:33
/home/nh/gap_riscv_toolchain_ubuntu/gap_sdk/examples/gap8/basic/helloworld/BUILD/GAP8_V3/GCC_RISCV_PULPOS/test:0000030c 00000004 D __rt_hyper_pending_base	/home/nh/gap_riscv_toolchain_ubuntu/gap_sdk/gap8/rtos/pulp/pulp-os/drivers/hyper/hyperram-v1.c:31
/home/nh/gap_riscv_toolchain_ubuntu/gap_sdk/examples/gap8/basic/helloworld/BUILD/GAP8_V3/GCC_RISCV_PULPOS/test:00000330 00000004 D __rt_hyper_pending_emu_addr	/home/nh/gap_riscv_toolchain_ubuntu/gap_sdk/gap8/rtos/pulp/pulp-os/drivers/hyper/hyperram-v1.c:48
/home/nh/gap_riscv_toolchain_ubuntu/gap_sdk/examples/gap8/basic/helloworld/BUILD/GAP8_V3/GCC_RISCV_PULPOS/test:00000328 00000004 D __rt_hyper_pending_emu_channel	/home/nh/gap_riscv_toolchain_ubuntu/gap_sdk/gap8/rtos/pulp/pulp-os/drivers/hyper/hyperram-v1.c:46
/home/nh/gap_riscv_toolchain_ubuntu/gap_sdk/examples/gap8/basic/helloworld/BUILD/GAP8_V3/GCC_RISCV_PULPOS/test:0000032c 00000004 D __rt_hyper_pending_emu_hyper_addr	/home/nh/gap_riscv_toolchain_ubuntu/gap_sdk/gap8/rtos/pulp/pulp-os/drivers/hyper/hyperram-v1.c:47
/home/nh/gap_riscv_toolchain_ubuntu/gap_sdk/examples/gap8/basic/helloworld/BUILD/GAP8_V3/GCC_RISCV_PULPOS/test:0000034c 00000004 D __rt_hyper_pending_emu_length	/home/nh/gap_riscv_toolchain_ubuntu/gap_sdk/gap8/rtos/pulp/pulp-os/drivers/hyper/hyperram-v1.c:51
/home/nh/gap_riscv_toolchain_ubuntu/gap_sdk/examples/gap8/basic/helloworld/BUILD/GAP8_V3/GCC_RISCV_PULPOS/test:00000334 00000004 D __rt_hyper_pending_emu_size	/home/nh/gap_riscv_toolchain_ubuntu/gap_sdk/gap8/rtos/pulp/pulp-os/drivers/hyper/hyperram-v1.c:49
/home/nh/gap_riscv_toolchain_ubuntu/gap_sdk/examples/gap8/basic/helloworld/BUILD/GAP8_V3/GCC_RISCV_PULPOS/test:00000348 00000004 D __rt_hyper_pending_emu_size_2d	/home/nh/gap_riscv_toolchain_ubuntu/gap_sdk/gap8/rtos/pulp/pulp-os/drivers/hyper/hyperram-v1.c:50
/home/nh/gap_riscv_toolchain_ubuntu/gap_sdk/examples/gap8/basic/helloworld/BUILD/GAP8_V3/GCC_RISCV_PULPOS/test:00000350 00000004 D __rt_hyper_pending_emu_stride	/home/nh/gap_riscv_toolchain_ubuntu/gap_sdk/gap8/rtos/pulp/pulp-os/drivers/hyper/hyperram-v1.c:52
/home/nh/gap_riscv_toolchain_ubuntu/gap_sdk/examples/gap8/basic/helloworld/BUILD/GAP8_V3/GCC_RISCV_PULPOS/test:0000033c 00000004 D __rt_hyper_pending_emu_task	/home/nh/gap_riscv_toolchain_ubuntu/gap_sdk/gap8/rtos/pulp/pulp-os/drivers/hyper/hyperram-v1.c:54
/home/nh/gap_riscv_toolchain_ubuntu/gap_sdk/examples/gap8/basic/helloworld/BUILD/GAP8_V3/GCC_RISCV_PULPOS/test:00000310 00000004 D __rt_hyper_pending_hyper_addr	/home/nh/gap_riscv_toolchain_ubuntu/gap_sdk/gap8/rtos/pulp/pulp-os/drivers/hyper/hyperram-v1.c:32
/home/nh/gap_riscv_toolchain_ubuntu/gap_sdk/examples/gap8/basic/helloworld/BUILD/GAP8_V3/GCC_RISCV_PULPOS/test:00000318 00000004 D __rt_hyper_pending_repeat	/home/nh/gap_riscv_toolchain_ubuntu/gap_sdk/gap8/rtos/pulp/pulp-os/drivers/hyper/hyperram-v1.c:34
/home/nh/gap_riscv_toolchain_ubuntu/gap_sdk/examples/gap8/basic/helloworld/BUILD/GAP8_V3/GCC_RISCV_PULPOS/test:0000031c 00000004 D __rt_hyper_pending_repeat_size	/home/nh/gap_riscv_toolchain_ubuntu/gap_sdk/gap8/rtos/pulp/pulp-os/drivers/hyper/hyperram-v1.c:35
/home/nh/gap_riscv_toolchain_ubuntu/gap_sdk/examples/gap8/basic/helloworld/BUILD/GAP8_V3/GCC_RISCV_PULPOS/test:00000340 00000004 D __rt_hyper_pending_tasks	/home/nh/gap_riscv_toolchain_ubuntu/gap_sdk/gap8/rtos/pulp/pulp-os/drivers/hyper/hyperram-v1.c:39
/home/nh/gap_riscv_toolchain_ubuntu/gap_sdk/examples/gap8/basic/helloworld/BUILD/GAP8_V3/GCC_RISCV_PULPOS/test:00000344 00000004 D __rt_hyper_pending_tasks_last	/home/nh/gap_riscv_toolchain_ubuntu/gap_sdk/gap8/rtos/pulp/pulp-os/drivers/hyper/hyperram-v1.c:40
/home/nh/gap_riscv_toolchain_ubuntu/gap_sdk/examples/gap8/basic/helloworld/BUILD/GAP8_V3/GCC_RISCV_PULPOS/test:1c004cce 00000004 T __rt_hyper_resume_copy	/home/nh/gap_riscv_toolchain_ubuntu/gap_sdk/gap8/rtos/pulp/pulp-os/drivers/hyper/hyperram-v1.c:988
/home/nh/gap_riscv_toolchain_ubuntu/gap_sdk/examples/gap8/basic/helloworld/BUILD/GAP8_V3/GCC_RISCV_PULPOS/test:00000308 00000004 D __rt_hyper_udma_handle
/home/nh/gap_riscv_toolchain_ubuntu/gap_sdk/examples/gap8/basic/helloworld/BUILD/GAP8_V3/GCC_RISCV_PULPOS/test:1c0076dc 00000004 b __rt_i2s_first	/home/nh/gap_riscv_toolchain_ubuntu/gap_sdk/gap8/rtos/pulp/pulp-os/drivers_deprecated/i2s/i2s-v1.c:40
/home/nh/gap_riscv_toolchain_ubuntu/gap_sdk/examples/gap8/basic/helloworld/BUILD/GAP8_V3/GCC_RISCV_PULPOS/test:1c0076c4 00000004 V __rt_iodev
/home/nh/gap_riscv_toolchain_ubuntu/gap_sdk/examples/gap8/basic/helloworld/BUILD/GAP8_V3/GCC_RISCV_PULPOS/test:1c00743c 00000004 V __rt_iodev_uart_baudrate
/home/nh/gap_riscv_toolchain_ubuntu/gap_sdk/examples/gap8/basic/helloworld/BUILD/GAP8_V3/GCC_RISCV_PULPOS/test:1c0076c8 00000004 V __rt_iodev_uart_channel
/home/nh/gap_riscv_toolchain_ubuntu/gap_sdk/examples/gap8/basic/helloworld/BUILD/GAP8_V3/GCC_RISCV_PULPOS/test:1c0076e8 00000004 b __rt_io_event_current	/home/nh/gap_riscv_toolchain_ubuntu/gap_sdk/gap8/rtos/pulp/pulp-os/libs/io/io.c:40
/home/nh/gap_riscv_toolchain_ubuntu/gap_sdk/examples/gap8/basic/helloworld/BUILD/GAP8_V3/GCC_RISCV_PULPOS/test:1c0076ec 00000004 b __rt_io_pending_flush	/home/nh/gap_riscv_toolchain_ubuntu/gap_sdk/gap8/rtos/pulp/pulp-os/libs/io/io.c:50
/home/nh/gap_riscv_toolchain_ubuntu/gap_sdk/examples/gap8/basic/helloworld/BUILD/GAP8_V3/GCC_RISCV_PULPOS/test:1c0076f4 00000004 b _rt_io_uart	/home/nh/gap_riscv_toolchain_ubuntu/gap_sdk/gap8/rtos/pulp/pulp-os/libs/io/io.c:38
/home/nh/gap_riscv_toolchain_ubuntu/gap_sdk/examples/gap8/basic/helloworld/BUILD/GAP8_V3/GCC_RISCV_PULPOS/test:1c007438 00000004 V __rt_platform
/home/nh/gap_riscv_toolchain_ubuntu/gap_sdk/examples/gap8/basic/helloworld/BUILD/GAP8_V3/GCC_RISCV_PULPOS/test:1c0076f0 00000004 b __rt_putc_host_buffer_index	/home/nh/gap_riscv_toolchain_ubuntu/gap_sdk/gap8/rtos/pulp/pulp-os/libs/io/io.c:48
/home/nh/gap_riscv_toolchain_ubuntu/gap_sdk/examples/gap8/basic/helloworld/BUILD/GAP8_V3/GCC_RISCV_PULPOS/test:0000038c 00000004 D __rt_rtc_init_done	/home/nh/gap_riscv_toolchain_ubuntu/gap_sdk/gap8/rtos/pulp/pulp-os/drivers_deprecated/dolphin/rtc.c:26
/home/nh/gap_riscv_toolchain_ubuntu/gap_sdk/examples/gap8/basic/helloworld/BUILD/GAP8_V3/GCC_RISCV_PULPOS/test:1c007710 00000004 B __rt_wakeup_use_fast	/home/nh/gap_riscv_toolchain_ubuntu/gap_sdk/gap8/rtos/pulp/pulp-os/kernel/gap/pmu_driver.c:173
/home/nh/gap_riscv_toolchain_ubuntu/gap_sdk/examples/gap8/basic/helloworld/BUILD/GAP8_V3/GCC_RISCV_PULPOS/test:1c0076cc 00000004 b timer_count	/home/nh/gap_riscv_toolchain_ubuntu/gap_sdk/gap8/rtos/pulp/pulp-os/kernel/time.c:23
/home/nh/gap_riscv_toolchain_ubuntu/gap_sdk/examples/gap8/basic/helloworld/BUILD/GAP8_V3/GCC_RISCV_PULPOS/test:1c0044c4 00000006 T pi_cluster_conf_init	/home/nh/gap_riscv_toolchain_ubuntu/gap_sdk/gap8/rtos/pulp/pulp-os/kernel/cluster.c:337
/home/nh/gap_riscv_toolchain_ubuntu/gap_sdk/examples/gap8/basic/helloworld/BUILD/GAP8_V3/GCC_RISCV_PULPOS/test:1c0042d4 00000006 T __rt_fll_set_freq	/home/nh/gap_riscv_toolchain_ubuntu/gap_sdk/gap8/rtos/pulp/pulp-os/kernel/gap/pmu_driver.c:884
/home/nh/gap_riscv_toolchain_ubuntu/gap_sdk/examples/gap8/basic/helloworld/BUILD/GAP8_V3/GCC_RISCV_PULPOS/test:1c00553e 00000006 T semihost_exit	/home/nh/gap_riscv_toolchain_ubuntu/gap_sdk/gap8/rtos/pulp/pulp-os/libs/io/semihost.c:51
/home/nh/gap_riscv_toolchain_ubuntu/gap_sdk/examples/gap8/basic/helloworld/BUILD/GAP8_V3/GCC_RISCV_PULPOS/test:1c005538 00000006 T semihost_write0	/home/nh/gap_riscv_toolchain_ubuntu/gap_sdk/gap8/rtos/pulp/pulp-os/libs/io/semihost.c:6
/home/nh/gap_riscv_toolchain_ubuntu/gap_sdk/examples/gap8/basic/helloworld/BUILD/GAP8_V3/GCC_RISCV_PULPOS/test:1c007444 00000007 d SystemStateToSCUFastSeq	/home/nh/gap_riscv_toolchain_ubuntu/gap_sdk/gap8/rtos/pulp/pulp-os/kernel/gap/pmu_driver.c:176
/home/nh/gap_riscv_toolchain_ubuntu/gap_sdk/examples/gap8/basic/helloworld/BUILD/GAP8_V3/GCC_RISCV_PULPOS/test:1c0054b0 00000008 T abort	/home/nh/gap_riscv_toolchain_ubuntu/gap_sdk/gap8/rtos/pulp/pulp-os/libs/io/io.c:739
/home/nh/gap_riscv_toolchain_ubuntu/gap_sdk/examples/gap8/basic/helloworld/BUILD/GAP8_V3/GCC_RISCV_PULPOS/test:1c007430 00000008 D bias
/home/nh/gap_riscv_toolchain_ubuntu/gap_sdk/examples/gap8/basic/helloworld/BUILD/GAP8_V3/GCC_RISCV_PULPOS/test:1c007464 00000008 D FllsFrequency
/home/nh/gap_riscv_toolchain_ubuntu/gap_sdk/examples/gap8/basic/helloworld/BUILD/GAP8_V3/GCC_RISCV_PULPOS/test:1c007708 00000008 B __rt_freq_domains
/home/nh/gap_riscv_toolchain_ubuntu/gap_sdk/examples/gap8/basic/helloworld/BUILD/GAP8_V3/GCC_RISCV_PULPOS/test:1c004cc6 00000008 T __rt_hyper_resume_emu_task	/home/nh/gap_riscv_toolchain_ubuntu/gap_sdk/gap8/rtos/pulp/pulp-os/drivers/hyper/hyperram-v1.c:980
/home/nh/gap_riscv_toolchain_ubuntu/gap_sdk/examples/gap8/basic/helloworld/BUILD/GAP8_V3/GCC_RISCV_PULPOS/test:000002b0 00000008 D __rt_socevents_status
/home/nh/gap_riscv_toolchain_ubuntu/gap_sdk/examples/gap8/basic/helloworld/BUILD/GAP8_V3/GCC_RISCV_PULPOS/test:1c0076e0 00000008 b __rt_spim_open_count	/home/nh/gap_riscv_toolchain_ubuntu/gap_sdk/gap8/rtos/pulp/pulp-os/drivers_deprecated/spim/spim-v2.c:26
/home/nh/gap_riscv_toolchain_ubuntu/gap_sdk/examples/gap8/basic/helloworld/BUILD/GAP8_V3/GCC_RISCV_PULPOS/test:1c007428 00000008 D weights
/home/nh/gap_riscv_toolchain_ubuntu/gap_sdk/examples/gap8/basic/helloworld/BUILD/GAP8_V3/GCC_RISCV_PULPOS/test:1c004e80 0000000a T __rt_himax_init	/home/nh/gap_riscv_toolchain_ubuntu/gap_sdk/gap8/rtos/pulp/pulp-os/drivers_deprecated/camera/himax.c:400
/home/nh/gap_riscv_toolchain_ubuntu/gap_sdk/examples/gap8/basic/helloworld/BUILD/GAP8_V3/GCC_RISCV_PULPOS/test:1c00490c 0000000a T __rt_padframe_init	/home/nh/gap_riscv_toolchain_ubuntu/gap_sdk/gap8/rtos/pulp/pulp-os/drivers_deprecated/pads/pads-v1.c:58
/home/nh/gap_riscv_toolchain_ubuntu/gap_sdk/examples/gap8/basic/helloworld/BUILD/GAP8_V3/GCC_RISCV_PULPOS/test:00000004 0000000c D __rt_cluster_pool
/home/nh/gap_riscv_toolchain_ubuntu/gap_sdk/examples/gap8/basic/helloworld/BUILD/GAP8_V3/GCC_RISCV_PULPOS/test:1c00552a 0000000e t __internal_semihost	/home/nh/gap_riscv_toolchain_ubuntu/gap_sdk/gap8/rtos/pulp/pulp-os/libs/io/semihost.h:75
/home/nh/gap_riscv_toolchain_ubuntu/gap_sdk/examples/gap8/basic/helloworld/BUILD/GAP8_V3/GCC_RISCV_PULPOS/test:1c004eae 0000000e t __rt_io_end_of_flush	/home/nh/gap_riscv_toolchain_ubuntu/gap_sdk/gap8/rtos/pulp/pulp-os/libs/io/io.c:366
/home/nh/gap_riscv_toolchain_ubuntu/gap_sdk/examples/gap8/basic/helloworld/BUILD/GAP8_V3/GCC_RISCV_PULPOS/test:1c005266 00000010 T memset	/home/nh/gap_riscv_toolchain_ubuntu/gap_sdk/gap8/rtos/pulp/pulp-os/libs/io/io.c:150
/home/nh/gap_riscv_toolchain_ubuntu/gap_sdk/examples/gap8/basic/helloworld/BUILD/GAP8_V3/GCC_RISCV_PULPOS/test:1c00744c 00000010 D PMUState
/home/nh/gap_riscv_toolchain_ubuntu/gap_sdk/examples/gap8/basic/helloworld/BUILD/GAP8_V3/GCC_RISCV_PULPOS/test:1b000bbc 00000010 d __rt_io_fc_lock	/home/nh/gap_riscv_toolchain_ubuntu/gap_sdk/gap8/rtos/pulp/pulp-os/libs/io/io.c:35
/home/nh/gap_riscv_toolchain_ubuntu/gap_sdk/examples/gap8/basic/helloworld/BUILD/GAP8_V3/GCC_RISCV_PULPOS/test:1c007320 00000010 V __rt_padframe_default	/home/nh/gap_riscv_toolchain_ubuntu/gap_sdk/gap8/rtos/pulp/pulp-os/drivers_deprecated/pads/pads-v1.c:28
/home/nh/gap_riscv_toolchain_ubuntu/gap_sdk/examples/gap8/basic/helloworld/BUILD/GAP8_V3/GCC_RISCV_PULPOS/test:1c007330 00000010 V __rt_padframe_hyper	/home/nh/gap_riscv_toolchain_ubuntu/gap_sdk/gap8/rtos/pulp/pulp-os/drivers_deprecated/pads/pads-v1.c:30
/home/nh/gap_riscv_toolchain_ubuntu/gap_sdk/examples/gap8/basic/helloworld/BUILD/GAP8_V3/GCC_RISCV_PULPOS/test:1c007340 00000010 V __rt_padframe_hyper_gpio	/home/nh/gap_riscv_toolchain_ubuntu/gap_sdk/gap8/rtos/pulp/pulp-os/drivers_deprecated/pads/pads-v1.c:32
/home/nh/gap_riscv_toolchain_ubuntu/gap_sdk/examples/gap8/basic/helloworld/BUILD/GAP8_V3/GCC_RISCV_PULPOS/test:1c0076b4 00000010 b __rt_uart	/home/nh/gap_riscv_toolchain_ubuntu/gap_sdk/gap8/rtos/pulp/pulp-os/drivers_deprecated/uart/uart.c:43
/home/nh/gap_riscv_toolchain_ubuntu/gap_sdk/examples/gap8/basic/helloworld/BUILD/GAP8_V3/GCC_RISCV_PULPOS/test:1c00628e 00000010 T rt_uart_conf_init
/home/nh/gap_riscv_toolchain_ubuntu/gap_sdk/examples/gap8/basic/helloworld/BUILD/GAP8_V3/GCC_RISCV_PULPOS/test:1c003818 00000012 T __rt_event_sched_init	/home/nh/gap_riscv_toolchain_ubuntu/gap_sdk/gap8/rtos/pulp/pulp-os/kernel/events.c:264
/home/nh/gap_riscv_toolchain_ubuntu/gap_sdk/examples/gap8/basic/helloworld/BUILD/GAP8_V3/GCC_RISCV_PULPOS/test:1c0042be 00000012 T __rt_fll_init	/home/nh/gap_riscv_toolchain_ubuntu/gap_sdk/gap8/rtos/pulp/pulp-os/kernel/gap/pmu_driver.c:871
/home/nh/gap_riscv_toolchain_ubuntu/gap_sdk/examples/gap8/basic/helloworld/BUILD/GAP8_V3/GCC_RISCV_PULPOS/test:1c004e8a 00000012 T __rt_rtc_init	/home/nh/gap_riscv_toolchain_ubuntu/gap_sdk/gap8/rtos/pulp/pulp-os/drivers_deprecated/dolphin/rtc.c:414
/home/nh/gap_riscv_toolchain_ubuntu/gap_sdk/examples/gap8/basic/helloworld/BUILD/GAP8_V3/GCC_RISCV_PULPOS/test:1c004e9c 00000012 T __rt_spim_init	/home/nh/gap_riscv_toolchain_ubuntu/gap_sdk/gap8/rtos/pulp/pulp-os/drivers_deprecated/spim/spim-v2.c:446
/home/nh/gap_riscv_toolchain_ubuntu/gap_sdk/examples/gap8/basic/helloworld/BUILD/GAP8_V3/GCC_RISCV_PULPOS/test:1c004916 00000014 t l2_memcpy	/home/nh/gap_riscv_toolchain_ubuntu/gap_sdk/gap8/rtos/pulp/pulp-os/drivers/hyper/hyperram-v1.c:897
/home/nh/gap_riscv_toolchain_ubuntu/gap_sdk/examples/gap8/basic/helloworld/BUILD/GAP8_V3/GCC_RISCV_PULPOS/test:1c002822 00000014 t pmsis_exit
/home/nh/gap_riscv_toolchain_ubuntu/gap_sdk/examples/gap8/basic/helloworld/BUILD/GAP8_V3/GCC_RISCV_PULPOS/test:0000001c 00000014 D __rt_sched
/home/nh/gap_riscv_toolchain_ubuntu/gap_sdk/examples/gap8/basic/helloworld/BUILD/GAP8_V3/GCC_RISCV_PULPOS/test:1c001fd4 00000016 t hal_cluster_id
/home/nh/gap_riscv_toolchain_ubuntu/gap_sdk/examples/gap8/basic/helloworld/BUILD/GAP8_V3/GCC_RISCV_PULPOS/test:1c001fbe 00000016 t hal_core_id
/home/nh/gap_riscv_toolchain_ubuntu/gap_sdk/examples/gap8/basic/helloworld/BUILD/GAP8_V3/GCC_RISCV_PULPOS/test:1c00249a 00000016 t pi_cluster_id
/home/nh/gap_riscv_toolchain_ubuntu/gap_sdk/examples/gap8/basic/helloworld/BUILD/GAP8_V3/GCC_RISCV_PULPOS/test:1c002484 00000016 t pi_core_id
/home/nh/gap_riscv_toolchain_ubuntu/gap_sdk/examples/gap8/basic/helloworld/BUILD/GAP8_V3/GCC_RISCV_PULPOS/test:1b000ba0 00000018 d cbsys_first	/home/nh/gap_riscv_toolchain_ubuntu/gap_sdk/gap8/rtos/pulp/pulp-os/kernel/utils.c:30
/home/nh/gap_riscv_toolchain_ubuntu/gap_sdk/examples/gap8/basic/helloworld/BUILD/GAP8_V3/GCC_RISCV_PULPOS/test:1c0053fc 00000018 T fputc_locked
/home/nh/gap_riscv_toolchain_ubuntu/gap_sdk/examples/gap8/basic/helloworld/BUILD/GAP8_V3/GCC_RISCV_PULPOS/test:1c0027d4 00000018 t rt_cluster_id
/home/nh/gap_riscv_toolchain_ubuntu/gap_sdk/examples/gap8/basic/helloworld/BUILD/GAP8_V3/GCC_RISCV_PULPOS/test:1c0027ec 00000018 t rt_core_id
/home/nh/gap_riscv_toolchain_ubuntu/gap_sdk/examples/gap8/basic/helloworld/BUILD/GAP8_V3/GCC_RISCV_PULPOS/test:1c003800 00000018 T rt_event_wait	/home/nh/gap_riscv_toolchain_ubuntu/gap_sdk/gap8/rtos/pulp/pulp-os/kernel/events.c:257
/home/nh/gap_riscv_toolchain_ubuntu/gap_sdk/examples/gap8/basic/helloworld/BUILD/GAP8_V3/GCC_RISCV_PULPOS/test:1c007350 00000018 V __rt_padframe_profiles
/home/nh/gap_riscv_toolchain_ubuntu/gap_sdk/examples/gap8/basic/helloworld/BUILD/GAP8_V3/GCC_RISCV_PULPOS/test:1c0039c0 00000018 t __rt_time_poweroff	/home/nh/gap_riscv_toolchain_ubuntu/gap_sdk/gap8/rtos/pulp/pulp-os/kernel/time.c:28
/home/nh/gap_riscv_toolchain_ubuntu/gap_sdk/examples/gap8/basic/helloworld/BUILD/GAP8_V3/GCC_RISCV_PULPOS/test:1c0039d8 00000018 t __rt_time_poweron	/home/nh/gap_riscv_toolchain_ubuntu/gap_sdk/gap8/rtos/pulp/pulp-os/kernel/time.c:37
/home/nh/gap_riscv_toolchain_ubuntu/gap_sdk/examples/gap8/basic/helloworld/BUILD/GAP8_V3/GCC_RISCV_PULPOS/test:1c003686 00000018 T __rt_wait_event_prepare_blocking	/home/nh/gap_riscv_toolchain_ubuntu/gap_sdk/gap8/rtos/pulp/pulp-os/kernel/events.c:42
/home/nh/gap_riscv_toolchain_ubuntu/gap_sdk/examples/gap8/basic/helloworld/BUILD/GAP8_V3/GCC_RISCV_PULPOS/test:1c002008 0000001a t cpu_perf_conf
/home/nh/gap_riscv_toolchain_ubuntu/gap_sdk/examples/gap8/basic/helloworld/BUILD/GAP8_V3/GCC_RISCV_PULPOS/test:1c002022 0000001a t cpu_perf_setall
/home/nh/gap_riscv_toolchain_ubuntu/gap_sdk/examples/gap8/basic/helloworld/BUILD/GAP8_V3/GCC_RISCV_PULPOS/test:1c003712 0000001a T rt_event_get	/home/nh/gap_riscv_toolchain_ubuntu/gap_sdk/gap8/rtos/pulp/pulp-os/kernel/events.c:105
/home/nh/gap_riscv_toolchain_ubuntu/gap_sdk/examples/gap8/basic/helloworld/BUILD/GAP8_V3/GCC_RISCV_PULPOS/test:1c005276 0000001a T strchr	/home/nh/gap_riscv_toolchain_ubuntu/gap_sdk/gap8/rtos/pulp/pulp-os/libs/io/io.c:278
/home/nh/gap_riscv_toolchain_ubuntu/gap_sdk/examples/gap8/basic/helloworld/BUILD/GAP8_V3/GCC_RISCV_PULPOS/test:1c002344 0000001a t timer_cnt_lo_get
/home/nh/gap_riscv_toolchain_ubuntu/gap_sdk/examples/gap8/basic/helloworld/BUILD/GAP8_V3/GCC_RISCV_PULPOS/test:1c002594 0000001c t pi_perf_conf
/home/nh/gap_riscv_toolchain_ubuntu/gap_sdk/examples/gap8/basic/helloworld/BUILD/GAP8_V3/GCC_RISCV_PULPOS/test:1c0033e8 0000001c t __rt_event_enqueue	/home/nh/gap_riscv_toolchain_ubuntu/gap_sdk/install/GAP8_V3/include/rt/rt_event.h:405
/home/nh/gap_riscv_toolchain_ubuntu/gap_sdk/examples/gap8/basic/helloworld/BUILD/GAP8_V3/GCC_RISCV_PULPOS/test:1c002578 0000001c t __rt_team_barrier
/home/nh/gap_riscv_toolchain_ubuntu/gap_sdk/examples/gap8/basic/helloworld/BUILD/GAP8_V3/GCC_RISCV_PULPOS/test:1c001f80 0000001e t core_id
/home/nh/gap_riscv_toolchain_ubuntu/gap_sdk/examples/gap8/basic/helloworld/BUILD/GAP8_V3/GCC_RISCV_PULPOS/test:1c001fea 0000001e t cpu_perf_conf_events
/home/nh/gap_riscv_toolchain_ubuntu/gap_sdk/examples/gap8/basic/helloworld/BUILD/GAP8_V3/GCC_RISCV_PULPOS/test:1c0022e6 0000001e t eu_dispatch_push
/home/nh/gap_riscv_toolchain_ubuntu/gap_sdk/examples/gap8/basic/helloworld/BUILD/GAP8_V3/GCC_RISCV_PULPOS/test:1c002304 0000001e t eu_dispatch_team_config
/home/nh/gap_riscv_toolchain_ubuntu/gap_sdk/examples/gap8/basic/helloworld/BUILD/GAP8_V3/GCC_RISCV_PULPOS/test:1c002804 0000001e t pmsis_kickoff
/home/nh/gap_riscv_toolchain_ubuntu/gap_sdk/examples/gap8/basic/helloworld/BUILD/GAP8_V3/GCC_RISCV_PULPOS/test:1c003564 0000001e T __rt_bridge_clear_notif	/home/nh/gap_riscv_toolchain_ubuntu/gap_sdk/gap8/rtos/pulp/pulp-os/kernel/bridge.c:838
/home/nh/gap_riscv_toolchain_ubuntu/gap_sdk/examples/gap8/basic/helloworld/BUILD/GAP8_V3/GCC_RISCV_PULPOS/test:1c003526 0000001e T __rt_bridge_set_available	/home/nh/gap_riscv_toolchain_ubuntu/gap_sdk/gap8/rtos/pulp/pulp-os/kernel/bridge.c:725
/home/nh/gap_riscv_toolchain_ubuntu/gap_sdk/examples/gap8/basic/helloworld/BUILD/GAP8_V3/GCC_RISCV_PULPOS/test:1c003a92 0000001e T rt_time_wait_us	/home/nh/gap_riscv_toolchain_ubuntu/gap_sdk/gap8/rtos/pulp/pulp-os/kernel/time.c:176
/home/nh/gap_riscv_toolchain_ubuntu/gap_sdk/examples/gap8/basic/helloworld/BUILD/GAP8_V3/GCC_RISCV_PULPOS/test:1c00242a 0000001e t timer_count_get
/home/nh/gap_riscv_toolchain_ubuntu/gap_sdk/examples/gap8/basic/helloworld/BUILD/GAP8_V3/GCC_RISCV_PULPOS/test:1c002448 0000001e t timer_reset
/home/nh/gap_riscv_toolchain_ubuntu/gap_sdk/examples/gap8/basic/helloworld/BUILD/GAP8_V3/GCC_RISCV_PULPOS/test:1c002466 0000001e t timer_start
/home/nh/gap_riscv_toolchain_ubuntu/gap_sdk/examples/gap8/basic/helloworld/BUILD/GAP8_V3/GCC_RISCV_PULPOS/test:1c001f9e 00000020 t cluster_id
/home/nh/gap_riscv_toolchain_ubuntu/gap_sdk/examples/gap8/basic/helloworld/BUILD/GAP8_V3/GCC_RISCV_PULPOS/test:1c00224a 00000020 t eu_bar_addr
/home/nh/gap_riscv_toolchain_ubuntu/gap_sdk/examples/gap8/basic/helloworld/BUILD/GAP8_V3/GCC_RISCV_PULPOS/test:1c005602 00000020 t _rlrshift	/home/nh/gap_riscv_toolchain_ubuntu/gap_sdk/gap8/rtos/pulp/pulp-os/libs/io/prf.c:122
/home/nh/gap_riscv_toolchain_ubuntu/gap_sdk/examples/gap8/basic/helloworld/BUILD/GAP8_V3/GCC_RISCV_PULPOS/test:1c003404 00000020 t __rt_bridge_check_bridge_req.part.5	/home/nh/gap_riscv_toolchain_ubuntu/gap_sdk/gap8/rtos/pulp/pulp-os/kernel/bridge.c:638
/home/nh/gap_riscv_toolchain_ubuntu/gap_sdk/examples/gap8/basic/helloworld/BUILD/GAP8_V3/GCC_RISCV_PULPOS/test:1c003544 00000020 T __rt_bridge_send_notif	/home/nh/gap_riscv_toolchain_ubuntu/gap_sdk/gap8/rtos/pulp/pulp-os/kernel/bridge.c:821
/home/nh/gap_riscv_toolchain_ubuntu/gap_sdk/examples/gap8/basic/helloworld/BUILD/GAP8_V3/GCC_RISCV_PULPOS/test:1c004fa6 00000020 t rt_event_execute.isra.4.constprop.12	/home/nh/gap_riscv_toolchain_ubuntu/gap_sdk/gap8/rtos/pulp/pulp-os/libs/io/io.c:795
/home/nh/gap_riscv_toolchain_ubuntu/gap_sdk/examples/gap8/basic/helloworld/BUILD/GAP8_V3/GCC_RISCV_PULPOS/test:1c00619a 00000020 t __rt_uart_setfreq_after	/home/nh/gap_riscv_toolchain_ubuntu/gap_sdk/gap8/rtos/pulp/pulp-os/drivers_deprecated/uart/uart.c:135
/home/nh/gap_riscv_toolchain_ubuntu/gap_sdk/examples/gap8/basic/helloworld/BUILD/GAP8_V3/GCC_RISCV_PULPOS/test:1c00382a 00000020 T rt_user_alloc_init	/home/nh/gap_riscv_toolchain_ubuntu/gap_sdk/gap8/rtos/pulp/pulp-os/kernel/alloc.c:193
/home/nh/gap_riscv_toolchain_ubuntu/gap_sdk/examples/gap8/basic/helloworld/BUILD/GAP8_V3/GCC_RISCV_PULPOS/test:1c00226a 00000022 t eu_bar_trig_wait_clr
/home/nh/gap_riscv_toolchain_ubuntu/gap_sdk/examples/gap8/basic/helloworld/BUILD/GAP8_V3/GCC_RISCV_PULPOS/test:1c0025d4 00000022 t pi_perf_fc_reset
/home/nh/gap_riscv_toolchain_ubuntu/gap_sdk/examples/gap8/basic/helloworld/BUILD/GAP8_V3/GCC_RISCV_PULPOS/test:1c00264a 00000022 t pi_perf_fc_start
/home/nh/gap_riscv_toolchain_ubuntu/gap_sdk/examples/gap8/basic/helloworld/BUILD/GAP8_V3/GCC_RISCV_PULPOS/test:1c00390c 00000022 T __rt_alloc_init_l1	/home/nh/gap_riscv_toolchain_ubuntu/gap_sdk/gap8/rtos/pulp/pulp-os/kernel/alloc.c:445
/home/nh/gap_riscv_toolchain_ubuntu/gap_sdk/examples/gap8/basic/helloworld/BUILD/GAP8_V3/GCC_RISCV_PULPOS/test:1c00372c 00000022 T rt_event_get_blocking	/home/nh/gap_riscv_toolchain_ubuntu/gap_sdk/gap8/rtos/pulp/pulp-os/kernel/events.c:127
/home/nh/gap_riscv_toolchain_ubuntu/gap_sdk/examples/gap8/basic/helloworld/BUILD/GAP8_V3/GCC_RISCV_PULPOS/test:1c0032f2 00000022 T __rt_utils_init	/home/nh/gap_riscv_toolchain_ubuntu/gap_sdk/gap8/rtos/pulp/pulp-os/kernel/utils.c:84
/home/nh/gap_riscv_toolchain_ubuntu/gap_sdk/examples/gap8/basic/helloworld/BUILD/GAP8_V3/GCC_RISCV_PULPOS/test:1c002322 00000022 t timer_cfg_lo_set
/home/nh/gap_riscv_toolchain_ubuntu/gap_sdk/examples/gap8/basic/helloworld/BUILD/GAP8_V3/GCC_RISCV_PULPOS/test:1c002380 00000022 t timer_reset_lo_set
/home/nh/gap_riscv_toolchain_ubuntu/gap_sdk/examples/gap8/basic/helloworld/BUILD/GAP8_V3/GCC_RISCV_PULPOS/test:1c00235e 00000022 t timer_start_lo_set
/home/nh/gap_riscv_toolchain_ubuntu/gap_sdk/examples/gap8/basic/helloworld/BUILD/GAP8_V3/GCC_RISCV_PULPOS/test:1c0025b0 00000024 t pi_perf_cl_reset
/home/nh/gap_riscv_toolchain_ubuntu/gap_sdk/examples/gap8/basic/helloworld/BUILD/GAP8_V3/GCC_RISCV_PULPOS/test:1c002626 00000024 t pi_perf_cl_start
/home/nh/gap_riscv_toolchain_ubuntu/gap_sdk/examples/gap8/basic/helloworld/BUILD/GAP8_V3/GCC_RISCV_PULPOS/test:1c0026c2 00000024 t pi_perf_fc_stop
/home/nh/gap_riscv_toolchain_ubuntu/gap_sdk/examples/gap8/basic/helloworld/BUILD/GAP8_V3/GCC_RISCV_PULPOS/test:1c00492a 00000024 t rt_event_enqueue	/home/nh/gap_riscv_toolchain_ubuntu/gap_sdk/install/GAP8_V3/include/rt/rt_event.h:419
/home/nh/gap_riscv_toolchain_ubuntu/gap_sdk/examples/gap8/basic/helloworld/BUILD/GAP8_V3/GCC_RISCV_PULPOS/test:1c00374e 00000024 T rt_event_push	/home/nh/gap_riscv_toolchain_ubuntu/gap_sdk/gap8/rtos/pulp/pulp-os/kernel/events.c:139
/home/nh/gap_riscv_toolchain_ubuntu/gap_sdk/examples/gap8/basic/helloworld/BUILD/GAP8_V3/GCC_RISCV_PULPOS/test:1c0024b0 00000024 t __rt_team_barrier_config
/home/nh/gap_riscv_toolchain_ubuntu/gap_sdk/examples/gap8/basic/helloworld/BUILD/GAP8_V3/GCC_RISCV_PULPOS/test:1c006176 00000024 t __rt_uart_setup.isra.5	/home/nh/gap_riscv_toolchain_ubuntu/gap_sdk/gap8/rtos/pulp/pulp-os/drivers_deprecated/uart/uart.c:222
/home/nh/gap_riscv_toolchain_ubuntu/gap_sdk/examples/gap8/basic/helloworld/BUILD/GAP8_V3/GCC_RISCV_PULPOS/test:1c002406 00000024 t timer_conf_set
/home/nh/gap_riscv_toolchain_ubuntu/gap_sdk/examples/gap8/basic/helloworld/BUILD/GAP8_V3/GCC_RISCV_PULPOS/test:1c002f60 00000026 t cluster_start	/home/nh/gap_riscv_toolchain_ubuntu/gap_sdk/gap8/rtos/pulp/pulp-os/kernel/init.c:198
/home/nh/gap_riscv_toolchain_ubuntu/gap_sdk/examples/gap8/basic/helloworld/BUILD/GAP8_V3/GCC_RISCV_PULPOS/test:1c00269c 00000026 t pi_perf_cl_stop
/home/nh/gap_riscv_toolchain_ubuntu/gap_sdk/examples/gap8/basic/helloworld/BUILD/GAP8_V3/GCC_RISCV_PULPOS/test:1c005240 00000026 t __rt_io_stop	/home/nh/gap_riscv_toolchain_ubuntu/gap_sdk/gap8/rtos/pulp/pulp-os/libs/io/io.c:769
/home/nh/gap_riscv_toolchain_ubuntu/gap_sdk/examples/gap8/basic/helloworld/BUILD/GAP8_V3/GCC_RISCV_PULPOS/test:1c0039f0 00000026 T rt_time_get_us	/home/nh/gap_riscv_toolchain_ubuntu/gap_sdk/gap8/rtos/pulp/pulp-os/kernel/time.c:45
/home/nh/gap_riscv_toolchain_ubuntu/gap_sdk/examples/gap8/basic/helloworld/BUILD/GAP8_V3/GCC_RISCV_PULPOS/test:1c006150 00000026 T __rt_uart_cluster_req_done	/home/nh/gap_riscv_toolchain_ubuntu/gap_sdk/gap8/rtos/pulp/pulp-os/drivers_deprecated/uart/uart.c:253
/home/nh/gap_riscv_toolchain_ubuntu/gap_sdk/examples/gap8/basic/helloworld/BUILD/GAP8_V3/GCC_RISCV_PULPOS/test:1c003eca 00000026 t soc_eu_fcEventMask_setEvent	/home/nh/gap_riscv_toolchain_ubuntu/gap_sdk/install/GAP8_V3/include/hal/soc_eu/soc_eu_v1.h:60
/home/nh/gap_riscv_toolchain_ubuntu/gap_sdk/examples/gap8/basic/helloworld/BUILD/GAP8_V3/GCC_RISCV_PULPOS/test:1c006268 00000026 t soc_eu_fcEventMask_setEvent	/home/nh/gap_riscv_toolchain_ubuntu/gap_sdk/install/GAP8_V3/include/hal/soc_eu/soc_eu_v1.h:60
/home/nh/gap_riscv_toolchain_ubuntu/gap_sdk/examples/gap8/basic/helloworld/BUILD/GAP8_V3/GCC_RISCV_PULPOS/test:1c0022be 00000028 t eu_bar_setup
/home/nh/gap_riscv_toolchain_ubuntu/gap_sdk/examples/gap8/basic/helloworld/BUILD/GAP8_V3/GCC_RISCV_PULPOS/test:1c005414 00000028 T _prf_locked	/home/nh/gap_riscv_toolchain_ubuntu/gap_sdk/gap8/rtos/pulp/pulp-os/libs/io/io.c:626
/home/nh/gap_riscv_toolchain_ubuntu/gap_sdk/examples/gap8/basic/helloworld/BUILD/GAP8_V3/GCC_RISCV_PULPOS/test:1c0053d4 00000028 T puts	/home/nh/gap_riscv_toolchain_ubuntu/gap_sdk/gap8/rtos/pulp/pulp-os/libs/io/io.c:576
/home/nh/gap_riscv_toolchain_ubuntu/gap_sdk/examples/gap8/basic/helloworld/BUILD/GAP8_V3/GCC_RISCV_PULPOS/test:1c00392e 00000028 T __rt_alloc_init_l1_for_fc	/home/nh/gap_riscv_toolchain_ubuntu/gap_sdk/gap8/rtos/pulp/pulp-os/kernel/alloc.c:452
/home/nh/gap_riscv_toolchain_ubuntu/gap_sdk/examples/gap8/basic/helloworld/BUILD/GAP8_V3/GCC_RISCV_PULPOS/test:1c0030ec 00000028 T __rt_deinit	/home/nh/gap_riscv_toolchain_ubuntu/gap_sdk/gap8/rtos/pulp/pulp-os/kernel/init.c:163
/home/nh/gap_riscv_toolchain_ubuntu/gap_sdk/examples/gap8/basic/helloworld/BUILD/GAP8_V3/GCC_RISCV_PULPOS/test:1c00365e 00000028 T __rt_event_init	/home/nh/gap_riscv_toolchain_ubuntu/gap_sdk/gap8/rtos/pulp/pulp-os/kernel/events.c:32
/home/nh/gap_riscv_toolchain_ubuntu/gap_sdk/examples/gap8/basic/helloworld/BUILD/GAP8_V3/GCC_RISCV_PULPOS/test:1c007718 00000028 B __rt_fc_cluster_data
/home/nh/gap_riscv_toolchain_ubuntu/gap_sdk/examples/gap8/basic/helloworld/BUILD/GAP8_V3/GCC_RISCV_PULPOS/test:1c004ddc 00000028 t __rt_i2s_setfreq_after	/home/nh/gap_riscv_toolchain_ubuntu/gap_sdk/gap8/rtos/pulp/pulp-os/drivers_deprecated/i2s/i2s-v1.c:235
/home/nh/gap_riscv_toolchain_ubuntu/gap_sdk/examples/gap8/basic/helloworld/BUILD/GAP8_V3/GCC_RISCV_PULPOS/test:1c0048e4 00000028 T rt_padframe_set	/home/nh/gap_riscv_toolchain_ubuntu/gap_sdk/gap8/rtos/pulp/pulp-os/drivers_deprecated/pads/pads-v1.c:77
/home/nh/gap_riscv_toolchain_ubuntu/gap_sdk/examples/gap8/basic/helloworld/BUILD/GAP8_V3/GCC_RISCV_PULPOS/test:000002b8 00000028 D __rt_udma_extra_callback
/home/nh/gap_riscv_toolchain_ubuntu/gap_sdk/examples/gap8/basic/helloworld/BUILD/GAP8_V3/GCC_RISCV_PULPOS/test:000002e0 00000028 D __rt_udma_extra_callback_arg
/home/nh/gap_riscv_toolchain_ubuntu/gap_sdk/examples/gap8/basic/helloworld/BUILD/GAP8_V3/GCC_RISCV_PULPOS/test:1c0061fc 0000002a t __rt_uart_setfreq_before	/home/nh/gap_riscv_toolchain_ubuntu/gap_sdk/gap8/rtos/pulp/pulp-os/drivers_deprecated/uart/uart.c:102
/home/nh/gap_riscv_toolchain_ubuntu/gap_sdk/examples/gap8/basic/helloworld/BUILD/GAP8_V3/GCC_RISCV_PULPOS/test:1c0037d6 0000002a T __rt_wait_event	/home/nh/gap_riscv_toolchain_ubuntu/gap_sdk/gap8/rtos/pulp/pulp-os/kernel/events.c:247
/home/nh/gap_riscv_toolchain_ubuntu/gap_sdk/examples/gap8/basic/helloworld/BUILD/GAP8_V3/GCC_RISCV_PULPOS/test:1c002f34 0000002c T main
/home/nh/gap_riscv_toolchain_ubuntu/gap_sdk/examples/gap8/basic/helloworld/BUILD/GAP8_V3/GCC_RISCV_PULPOS/test:1c002506 0000002c t pi_cl_team_fork
/home/nh/gap_riscv_toolchain_ubuntu/gap_sdk/examples/gap8/basic/helloworld/BUILD/GAP8_V3/GCC_RISCV_PULPOS/test:1c005544 0000002c T printf	/home/nh/gap_riscv_toolchain_ubuntu/gap_sdk/gap8/rtos/pulp/pulp-os/libs/io/fprintf.c:41
/home/nh/gap_riscv_toolchain_ubuntu/gap_sdk/examples/gap8/basic/helloworld/BUILD/GAP8_V3/GCC_RISCV_PULPOS/test:1c004e04 0000002c t __rt_i2s_setfreq_before	/home/nh/gap_riscv_toolchain_ubuntu/gap_sdk/gap8/rtos/pulp/pulp-os/drivers_deprecated/i2s/i2s-v1.c:219
/home/nh/gap_riscv_toolchain_ubuntu/gap_sdk/examples/gap8/basic/helloworld/BUILD/GAP8_V3/GCC_RISCV_PULPOS/test:1c0074f0 0000002c b __rt_pulpos_emu_global_cluster_task	/home/nh/gap_riscv_toolchain_ubuntu/gap_sdk/gap8/rtos/pulp/pulp-os/kernel/pulpos_emu.c:26
/home/nh/gap_riscv_toolchain_ubuntu/gap_sdk/examples/gap8/basic/helloworld/BUILD/GAP8_V3/GCC_RISCV_PULPOS/test:1c003e9e 0000002c t SetFllMultDivFactors
/home/nh/gap_riscv_toolchain_ubuntu/gap_sdk/examples/gap8/basic/helloworld/BUILD/GAP8_V3/GCC_RISCV_PULPOS/test:1c0038de 0000002e T rt_alloc
/home/nh/gap_riscv_toolchain_ubuntu/gap_sdk/examples/gap8/basic/helloworld/BUILD/GAP8_V3/GCC_RISCV_PULPOS/test:1c0025f6 00000030 t pi_perf_reset
/home/nh/gap_riscv_toolchain_ubuntu/gap_sdk/examples/gap8/basic/helloworld/BUILD/GAP8_V3/GCC_RISCV_PULPOS/test:1c00266c 00000030 t pi_perf_start
/home/nh/gap_riscv_toolchain_ubuntu/gap_sdk/examples/gap8/basic/helloworld/BUILD/GAP8_V3/GCC_RISCV_PULPOS/test:1c0032c2 00000030 T __rt_cbsys_exec	/home/nh/gap_riscv_toolchain_ubuntu/gap_sdk/gap8/rtos/pulp/pulp-os/kernel/utils.c:71
/home/nh/gap_riscv_toolchain_ubuntu/gap_sdk/examples/gap8/basic/helloworld/BUILD/GAP8_V3/GCC_RISCV_PULPOS/test:1c0023a2 00000030 t timer_base_fc
/home/nh/gap_riscv_toolchain_ubuntu/gap_sdk/examples/gap8/basic/helloworld/BUILD/GAP8_V3/GCC_RISCV_PULPOS/test:1c00228c 00000032 t eu_bar_setup_mask
/home/nh/gap_riscv_toolchain_ubuntu/gap_sdk/examples/gap8/basic/helloworld/BUILD/GAP8_V3/GCC_RISCV_PULPOS/test:1c00459e 00000032 T pi_cluster_close	/home/nh/gap_riscv_toolchain_ubuntu/gap_sdk/gap8/rtos/pulp/pulp-os/kernel/cluster.c:370
/home/nh/gap_riscv_toolchain_ubuntu/gap_sdk/examples/gap8/basic/helloworld/BUILD/GAP8_V3/GCC_RISCV_PULPOS/test:1c0026e6 00000032 t pi_perf_stop
/home/nh/gap_riscv_toolchain_ubuntu/gap_sdk/examples/gap8/basic/helloworld/BUILD/GAP8_V3/GCC_RISCV_PULPOS/test:1c003314 00000032 T __rt_fc_lock	/home/nh/gap_riscv_toolchain_ubuntu/gap_sdk/gap8/rtos/pulp/pulp-os/kernel/utils.c:92
/home/nh/gap_riscv_toolchain_ubuntu/gap_sdk/examples/gap8/basic/helloworld/BUILD/GAP8_V3/GCC_RISCV_PULPOS/test:1c005036 00000032 t __rt_putc_host_cluster_req	/home/nh/gap_riscv_toolchain_ubuntu/gap_sdk/gap8/rtos/pulp/pulp-os/libs/io/io.c:451
/home/nh/gap_riscv_toolchain_ubuntu/gap_sdk/examples/gap8/basic/helloworld/BUILD/GAP8_V3/GCC_RISCV_PULPOS/test:1c0024d4 00000032 t __rt_team_config
/home/nh/gap_riscv_toolchain_ubuntu/gap_sdk/examples/gap8/basic/helloworld/BUILD/GAP8_V3/GCC_RISCV_PULPOS/test:00000358 00000034 D dev_rtc	/home/nh/gap_riscv_toolchain_ubuntu/gap_sdk/gap8/rtos/pulp/pulp-os/drivers_deprecated/dolphin/rtc.c:24
/home/nh/gap_riscv_toolchain_ubuntu/gap_sdk/examples/gap8/basic/helloworld/BUILD/GAP8_V3/GCC_RISCV_PULPOS/test:1c005666 00000034 t _get_digit	/home/nh/gap_riscv_toolchain_ubuntu/gap_sdk/gap8/rtos/pulp/pulp-os/libs/io/prf.c:167
/home/nh/gap_riscv_toolchain_ubuntu/gap_sdk/examples/gap8/basic/helloworld/BUILD/GAP8_V3/GCC_RISCV_PULPOS/test:1c00362a 00000034 T __rt_bridge_init	/home/nh/gap_riscv_toolchain_ubuntu/gap_sdk/gap8/rtos/pulp/pulp-os/kernel/bridge.c:851
/home/nh/gap_riscv_toolchain_ubuntu/gap_sdk/examples/gap8/basic/helloworld/BUILD/GAP8_V3/GCC_RISCV_PULPOS/test:1c003346 00000034 T __rt_fc_unlock	/home/nh/gap_riscv_toolchain_ubuntu/gap_sdk/gap8/rtos/pulp/pulp-os/kernel/utils.c:127
/home/nh/gap_riscv_toolchain_ubuntu/gap_sdk/examples/gap8/basic/helloworld/BUILD/GAP8_V3/GCC_RISCV_PULPOS/test:1c004da8 00000034 t __rt_i2s_resume	/home/nh/gap_riscv_toolchain_ubuntu/gap_sdk/gap8/rtos/pulp/pulp-os/drivers_deprecated/i2s/i2s-v1.c:186
/home/nh/gap_riscv_toolchain_ubuntu/gap_sdk/examples/gap8/basic/helloworld/BUILD/GAP8_V3/GCC_RISCV_PULPOS/test:1c00637a 00000034 T rt_uart_cluster_write	/home/nh/gap_riscv_toolchain_ubuntu/gap_sdk/gap8/rtos/pulp/pulp-os/drivers_deprecated/uart/uart.c:277
/home/nh/gap_riscv_toolchain_ubuntu/gap_sdk/examples/gap8/basic/helloworld/BUILD/GAP8_V3/GCC_RISCV_PULPOS/test:1c0023d2 00000034 t timer_base_cl
/home/nh/gap_riscv_toolchain_ubuntu/gap_sdk/examples/gap8/basic/helloworld/BUILD/GAP8_V3/GCC_RISCV_PULPOS/test:1c0033b2 00000036 T __rt_fc_cluster_unlock	/home/nh/gap_riscv_toolchain_ubuntu/gap_sdk/gap8/rtos/pulp/pulp-os/kernel/utils.c:199
/home/nh/gap_riscv_toolchain_ubuntu/gap_sdk/examples/gap8/basic/helloworld/BUILD/GAP8_V3/GCC_RISCV_PULPOS/test:1c00337a 00000038 T __rt_fc_cluster_lock	/home/nh/gap_riscv_toolchain_ubuntu/gap_sdk/gap8/rtos/pulp/pulp-os/kernel/utils.c:189
/home/nh/gap_riscv_toolchain_ubuntu/gap_sdk/examples/gap8/basic/helloworld/BUILD/GAP8_V3/GCC_RISCV_PULPOS/test:1c003582 0000003a T __rt_bridge_printf_flush
/home/nh/gap_riscv_toolchain_ubuntu/gap_sdk/examples/gap8/basic/helloworld/BUILD/GAP8_V3/GCC_RISCV_PULPOS/test:1c002c6c 0000003c T cluster_testNN
/home/nh/gap_riscv_toolchain_ubuntu/gap_sdk/examples/gap8/basic/helloworld/BUILD/GAP8_V3/GCC_RISCV_PULPOS/test:1c002c30 0000003c T cluster_trainingNN
/home/nh/gap_riscv_toolchain_ubuntu/gap_sdk/examples/gap8/basic/helloworld/BUILD/GAP8_V3/GCC_RISCV_PULPOS/test:1c002756 0000003c t pi_perf_fc_read
/home/nh/gap_riscv_toolchain_ubuntu/gap_sdk/examples/gap8/basic/helloworld/BUILD/GAP8_V3/GCC_RISCV_PULPOS/test:1c004640 0000003c T __rt_cluster_new	/home/nh/gap_riscv_toolchain_ubuntu/gap_sdk/gap8/rtos/pulp/pulp-os/kernel/cluster.c:445
/home/nh/gap_riscv_toolchain_ubuntu/gap_sdk/examples/gap8/basic/helloworld/BUILD/GAP8_V3/GCC_RISCV_PULPOS/test:1c00467c 0000003c t __rt_cluster_pulpos_emu_init	/home/nh/gap_riscv_toolchain_ubuntu/gap_sdk/gap8/rtos/pulp/pulp-os/kernel/pulpos_emu.c:29
/home/nh/gap_riscv_toolchain_ubuntu/gap_sdk/examples/gap8/basic/helloworld/BUILD/GAP8_V3/GCC_RISCV_PULPOS/test:1c0052ee 0000003c T __rt_putc_uart	/home/nh/gap_riscv_toolchain_ubuntu/gap_sdk/gap8/rtos/pulp/pulp-os/libs/io/io.c:412
/home/nh/gap_riscv_toolchain_ubuntu/gap_sdk/examples/gap8/basic/helloworld/BUILD/GAP8_V3/GCC_RISCV_PULPOS/test:1c002718 0000003e t pi_perf_cl_read
/home/nh/gap_riscv_toolchain_ubuntu/gap_sdk/examples/gap8/basic/helloworld/BUILD/GAP8_V3/GCC_RISCV_PULPOS/test:1c003284 0000003e T __rt_cbsys_add	/home/nh/gap_riscv_toolchain_ubuntu/gap_sdk/gap8/rtos/pulp/pulp-os/kernel/utils.c:57
/home/nh/gap_riscv_toolchain_ubuntu/gap_sdk/examples/gap8/basic/helloworld/BUILD/GAP8_V3/GCC_RISCV_PULPOS/test:1c003e60 0000003e T __rt_freq_init	/home/nh/gap_riscv_toolchain_ubuntu/gap_sdk/gap8/rtos/pulp/pulp-os/kernel/gap/freq.c:62
/home/nh/gap_riscv_toolchain_ubuntu/gap_sdk/examples/gap8/basic/helloworld/BUILD/GAP8_V3/GCC_RISCV_PULPOS/test:1c0041c4 00000040 T InitFlls	/home/nh/gap_riscv_toolchain_ubuntu/gap_sdk/gap8/rtos/pulp/pulp-os/kernel/gap/pmu_driver.c:858
/home/nh/gap_riscv_toolchain_ubuntu/gap_sdk/examples/gap8/basic/helloworld/BUILD/GAP8_V3/GCC_RISCV_PULPOS/test:1c004f0c 00000040 t __rt_do_putc_host	/home/nh/gap_riscv_toolchain_ubuntu/gap_sdk/gap8/rtos/pulp/pulp-os/libs/io/io.c:430
/home/nh/gap_riscv_toolchain_ubuntu/gap_sdk/examples/gap8/basic/helloworld/BUILD/GAP8_V3/GCC_RISCV_PULPOS/test:1c002792 00000042 t pi_perf_read
/home/nh/gap_riscv_toolchain_ubuntu/gap_sdk/examples/gap8/basic/helloworld/BUILD/GAP8_V3/GCC_RISCV_PULPOS/test:1c006226 00000042 t __rt_uart_cluster_req	/home/nh/gap_riscv_toolchain_ubuntu/gap_sdk/gap8/rtos/pulp/pulp-os/drivers_deprecated/uart/uart.c:266
/home/nh/gap_riscv_toolchain_ubuntu/gap_sdk/examples/gap8/basic/helloworld/BUILD/GAP8_V3/GCC_RISCV_PULPOS/test:1c0061ba 00000042 t __rt_uart_wait_tx_done.isra.6	/home/nh/gap_riscv_toolchain_ubuntu/gap_sdk/gap8/rtos/pulp/pulp-os/drivers_deprecated/uart/uart.c:222
/home/nh/gap_riscv_toolchain_ubuntu/gap_sdk/examples/gap8/basic/helloworld/BUILD/GAP8_V3/GCC_RISCV_PULPOS/test:1c005622 00000044 t _ldiv5	/home/nh/gap_riscv_toolchain_ubuntu/gap_sdk/gap8/rtos/pulp/pulp-os/libs/io/prf.c:143
/home/nh/gap_riscv_toolchain_ubuntu/gap_sdk/examples/gap8/basic/helloworld/BUILD/GAP8_V3/GCC_RISCV_PULPOS/test:1c0049a6 00000044 t __pi_hyper_copy_exec
/home/nh/gap_riscv_toolchain_ubuntu/gap_sdk/examples/gap8/basic/helloworld/BUILD/GAP8_V3/GCC_RISCV_PULPOS/test:1c003424 00000046 t __rt_bridge_wait
/home/nh/gap_riscv_toolchain_ubuntu/gap_sdk/examples/gap8/basic/helloworld/BUILD/GAP8_V3/GCC_RISCV_PULPOS/test:1c002532 00000046 t rt_team_fork
/home/nh/gap_riscv_toolchain_ubuntu/gap_sdk/examples/gap8/basic/helloworld/BUILD/GAP8_V3/GCC_RISCV_PULPOS/test:1c00489c 00000048 T pi_cluster_send_task_to_cl	/home/nh/gap_riscv_toolchain_ubuntu/gap_sdk/gap8/rtos/pulp/pulp-os/kernel/cluster_call.c:149
/home/nh/gap_riscv_toolchain_ubuntu/gap_sdk/examples/gap8/basic/helloworld/BUILD/GAP8_V3/GCC_RISCV_PULPOS/test:1c00384a 00000048 T rt_user_alloc	/home/nh/gap_riscv_toolchain_ubuntu/gap_sdk/gap8/rtos/pulp/pulp-os/kernel/alloc.c:207
/home/nh/gap_riscv_toolchain_ubuntu/gap_sdk/examples/gap8/basic/helloworld/BUILD/GAP8_V3/GCC_RISCV_PULPOS/test:1c0034dc 0000004a T __rt_bridge_check_connection
/home/nh/gap_riscv_toolchain_ubuntu/gap_sdk/examples/gap8/basic/helloworld/BUILD/GAP8_V3/GCC_RISCV_PULPOS/test:1c003e16 0000004a T rt_freq_set_and_get	/home/nh/gap_riscv_toolchain_ubuntu/gap_sdk/gap8/rtos/pulp/pulp-os/kernel/gap/freq.c:30
/home/nh/gap_riscv_toolchain_ubuntu/gap_sdk/examples/gap8/basic/helloworld/BUILD/GAP8_V3/GCC_RISCV_PULPOS/test:1c003118 0000004c T rt_irq_set_handler	/home/nh/gap_riscv_toolchain_ubuntu/gap_sdk/gap8/rtos/pulp/pulp-os/kernel/irq.c:61
/home/nh/gap_riscv_toolchain_ubuntu/gap_sdk/examples/gap8/basic/helloworld/BUILD/GAP8_V3/GCC_RISCV_PULPOS/test:1c003892 0000004c T rt_user_free	/home/nh/gap_riscv_toolchain_ubuntu/gap_sdk/gap8/rtos/pulp/pulp-os/kernel/alloc.c:291
/home/nh/gap_riscv_toolchain_ubuntu/gap_sdk/examples/gap8/basic/helloworld/BUILD/GAP8_V3/GCC_RISCV_PULPOS/test:1c00632c 0000004e T rt_uart_close	/home/nh/gap_riscv_toolchain_ubuntu/gap_sdk/gap8/rtos/pulp/pulp-os/drivers_deprecated/uart/uart.c:228
/home/nh/gap_riscv_toolchain_ubuntu/gap_sdk/examples/gap8/basic/helloworld/BUILD/GAP8_V3/GCC_RISCV_PULPOS/test:1c0049ea 00000050 t exec_pending_task	/home/nh/gap_riscv_toolchain_ubuntu/gap_sdk/gap8/rtos/pulp/pulp-os/drivers/hyper/hyperram-v1.c:867
/home/nh/gap_riscv_toolchain_ubuntu/gap_sdk/examples/gap8/basic/helloworld/BUILD/GAP8_V3/GCC_RISCV_PULPOS/test:1c003166 00000050 T __rt_handle_illegal_instr	/home/nh/gap_riscv_toolchain_ubuntu/gap_sdk/gap8/rtos/pulp/pulp-os/kernel/irq.c:94
/home/nh/gap_riscv_toolchain_ubuntu/gap_sdk/examples/gap8/basic/helloworld/BUILD/GAP8_V3/GCC_RISCV_PULPOS/test:1c004cd2 00000050 t __rt_hyper_init	/home/nh/gap_riscv_toolchain_ubuntu/gap_sdk/gap8/rtos/pulp/pulp-os/drivers/hyper/hyperram-v1.c:995
/home/nh/gap_riscv_toolchain_ubuntu/gap_sdk/examples/gap8/basic/helloworld/BUILD/GAP8_V3/GCC_RISCV_PULPOS/test:1c004e30 00000050 T __rt_i2s_init	/home/nh/gap_riscv_toolchain_ubuntu/gap_sdk/gap8/rtos/pulp/pulp-os/drivers_deprecated/i2s/i2s-v1.c:268
/home/nh/gap_riscv_toolchain_ubuntu/gap_sdk/examples/gap8/basic/helloworld/BUILD/GAP8_V3/GCC_RISCV_PULPOS/test:1c004ebc 00000050 t __rt_io_uart_wait_req	/home/nh/gap_riscv_toolchain_ubuntu/gap_sdk/gap8/rtos/pulp/pulp-os/libs/io/io.c:315
/home/nh/gap_riscv_toolchain_ubuntu/gap_sdk/examples/gap8/basic/helloworld/BUILD/GAP8_V3/GCC_RISCV_PULPOS/test:1c001f2e 00000052 t pi_cluster_task
/home/nh/gap_riscv_toolchain_ubuntu/gap_sdk/examples/gap8/basic/helloworld/BUILD/GAP8_V3/GCC_RISCV_PULPOS/test:1c0031b6 00000052 T __rt_irq_init	/home/nh/gap_riscv_toolchain_ubuntu/gap_sdk/gap8/rtos/pulp/pulp-os/kernel/irq.c:103
/home/nh/gap_riscv_toolchain_ubuntu/gap_sdk/examples/gap8/basic/helloworld/BUILD/GAP8_V3/GCC_RISCV_PULPOS/test:1c003d62 00000056 T __rt_periph_wait_event	/home/nh/gap_riscv_toolchain_ubuntu/gap_sdk/gap8/rtos/pulp/pulp-os/kernel/periph-v2.c:237
/home/nh/gap_riscv_toolchain_ubuntu/gap_sdk/examples/gap8/basic/helloworld/BUILD/GAP8_V3/GCC_RISCV_PULPOS/test:1c002836 00000058 T activation
/home/nh/gap_riscv_toolchain_ubuntu/gap_sdk/examples/gap8/basic/helloworld/BUILD/GAP8_V3/GCC_RISCV_PULPOS/test:1c00494e 00000058 T __pi_hyper_copy_aligned	/home/nh/gap_riscv_toolchain_ubuntu/gap_sdk/gap8/rtos/pulp/pulp-os/drivers/hyper/hyperram-v1.c:480
/home/nh/gap_riscv_toolchain_ubuntu/gap_sdk/examples/gap8/basic/helloworld/BUILD/GAP8_V3/GCC_RISCV_PULPOS/test:1c004748 0000005a T rt_cluster_mount	/home/nh/gap_riscv_toolchain_ubuntu/gap_sdk/gap8/rtos/pulp/pulp-os/kernel/pulpos_emu.c:68
/home/nh/gap_riscv_toolchain_ubuntu/gap_sdk/examples/gap8/basic/helloworld/BUILD/GAP8_V3/GCC_RISCV_PULPOS/test:1c004f4c 0000005a t __rt_io_start	/home/nh/gap_riscv_toolchain_ubuntu/gap_sdk/gap8/rtos/pulp/pulp-os/libs/io/io.c:746
/home/nh/gap_riscv_toolchain_ubuntu/gap_sdk/examples/gap8/basic/helloworld/BUILD/GAP8_V3/GCC_RISCV_PULPOS/test:1c0063ae 0000005c T __rt_uart_init	/home/nh/gap_riscv_toolchain_ubuntu/gap_sdk/gap8/rtos/pulp/pulp-os/drivers_deprecated/uart/uart.c:292
/home/nh/gap_riscv_toolchain_ubuntu/gap_sdk/examples/gap8/basic/helloworld/BUILD/GAP8_V3/GCC_RISCV_PULPOS/test:1c003db8 0000005e T __rt_periph_init	/home/nh/gap_riscv_toolchain_ubuntu/gap_sdk/gap8/rtos/pulp/pulp-os/kernel/periph-v2.c:276
/home/nh/gap_riscv_toolchain_ubuntu/gap_sdk/examples/gap8/basic/helloworld/BUILD/GAP8_V3/GCC_RISCV_PULPOS/test:1c005290 0000005e T __rt_putc_debug_bridge	/home/nh/gap_riscv_toolchain_ubuntu/gap_sdk/gap8/rtos/pulp/pulp-os/libs/io/io.c:288
/home/nh/gap_riscv_toolchain_ubuntu/gap_sdk/examples/gap8/basic/helloworld/BUILD/GAP8_V3/GCC_RISCV_PULPOS/test:1c0042da 00000062 t __rt_init_cluster_data	/home/nh/gap_riscv_toolchain_ubuntu/gap_sdk/gap8/rtos/pulp/pulp-os/kernel/cluster.c:72
/home/nh/gap_riscv_toolchain_ubuntu/gap_sdk/examples/gap8/basic/helloworld/BUILD/GAP8_V3/GCC_RISCV_PULPOS/test:1c00433c 00000064 t __rt_cluster_init	/home/nh/gap_riscv_toolchain_ubuntu/gap_sdk/gap8/rtos/pulp/pulp-os/kernel/cluster.c:382
/home/nh/gap_riscv_toolchain_ubuntu/gap_sdk/examples/gap8/basic/helloworld/BUILD/GAP8_V3/GCC_RISCV_PULPOS/test:1c003772 00000064 T __rt_event_execute	/home/nh/gap_riscv_toolchain_ubuntu/gap_sdk/gap8/rtos/pulp/pulp-os/kernel/events.c:189
/home/nh/gap_riscv_toolchain_ubuntu/gap_sdk/examples/gap8/basic/helloworld/BUILD/GAP8_V3/GCC_RISCV_PULPOS/test:1c003956 0000006a T __rt_allocs_init	/home/nh/gap_riscv_toolchain_ubuntu/gap_sdk/gap8/rtos/pulp/pulp-os/kernel/alloc.c:465
/home/nh/gap_riscv_toolchain_ubuntu/gap_sdk/examples/gap8/basic/helloworld/BUILD/GAP8_V3/GCC_RISCV_PULPOS/test:1c0035bc 0000006e T __rt_bridge_req_shutdown	/home/nh/gap_riscv_toolchain_ubuntu/gap_sdk/gap8/rtos/pulp/pulp-os/kernel/bridge.c:774
/home/nh/gap_riscv_toolchain_ubuntu/gap_sdk/examples/gap8/basic/helloworld/BUILD/GAP8_V3/GCC_RISCV_PULPOS/test:1c0045d0 00000070 T __rt_cluster_push_fc_event	/home/nh/gap_riscv_toolchain_ubuntu/gap_sdk/gap8/rtos/pulp/pulp-os/kernel/cluster.c:413
/home/nh/gap_riscv_toolchain_ubuntu/gap_sdk/examples/gap8/basic/helloworld/BUILD/GAP8_V3/GCC_RISCV_PULPOS/test:1c004fc6 00000070 t __rt_io_lock
/home/nh/gap_riscv_toolchain_ubuntu/gap_sdk/examples/gap8/basic/helloworld/BUILD/GAP8_V3/GCC_RISCV_PULPOS/test:1c005068 00000070 t __rt_io_unlock
/home/nh/gap_riscv_toolchain_ubuntu/gap_sdk/examples/gap8/basic/helloworld/BUILD/GAP8_V3/GCC_RISCV_PULPOS/test:1c00346a 00000072 T __rt_bridge_handle_notif	/home/nh/gap_riscv_toolchain_ubuntu/gap_sdk/gap8/rtos/pulp/pulp-os/kernel/bridge.c:644
/home/nh/gap_riscv_toolchain_ubuntu/gap_sdk/examples/gap8/basic/helloworld/BUILD/GAP8_V3/GCC_RISCV_PULPOS/test:1c0054b8 00000072 T __rt_io_init	/home/nh/gap_riscv_toolchain_ubuntu/gap_sdk/gap8/rtos/pulp/pulp-os/libs/io/io.c:800
/home/nh/gap_riscv_toolchain_ubuntu/gap_sdk/examples/gap8/basic/helloworld/BUILD/GAP8_V3/GCC_RISCV_PULPOS/test:1c00543c 00000074 T exit	/home/nh/gap_riscv_toolchain_ubuntu/gap_sdk/gap8/rtos/pulp/pulp-os/libs/io/io.c:690
/home/nh/gap_riscv_toolchain_ubuntu/gap_sdk/examples/gap8/basic/helloworld/BUILD/GAP8_V3/GCC_RISCV_PULPOS/test:1c00369e 00000074 T rt_event_alloc	/home/nh/gap_riscv_toolchain_ubuntu/gap_sdk/gap8/rtos/pulp/pulp-os/kernel/events.c:52
/home/nh/gap_riscv_toolchain_ubuntu/gap_sdk/examples/gap8/basic/helloworld/BUILD/GAP8_V3/GCC_RISCV_PULPOS/test:1c002a80 0000007a T print_parameters
/home/nh/gap_riscv_toolchain_ubuntu/gap_sdk/examples/gap8/basic/helloworld/BUILD/GAP8_V3/GCC_RISCV_PULPOS/test:1c003a18 0000007a T rt_event_push_delayed	/home/nh/gap_riscv_toolchain_ubuntu/gap_sdk/gap8/rtos/pulp/pulp-os/kernel/time.c:59
/home/nh/gap_riscv_toolchain_ubuntu/gap_sdk/examples/gap8/basic/helloworld/BUILD/GAP8_V3/GCC_RISCV_PULPOS/test:1c003208 0000007c t __rt_fc_cluster_lock_req	/home/nh/gap_riscv_toolchain_ubuntu/gap_sdk/gap8/rtos/pulp/pulp-os/kernel/utils.c:142
/home/nh/gap_riscv_toolchain_ubuntu/gap_sdk/examples/gap8/basic/helloworld/BUILD/GAP8_V3/GCC_RISCV_PULPOS/test:1c002afa 0000007e T trainingNN
/home/nh/gap_riscv_toolchain_ubuntu/gap_sdk/examples/gap8/basic/helloworld/BUILD/GAP8_V3/GCC_RISCV_PULPOS/test:1c00751c 00000080 b __pi_hyper_temp_buffer	/home/nh/gap_riscv_toolchain_ubuntu/gap_sdk/gap8/rtos/pulp/pulp-os/drivers/hyper/hyperram-v1.c:160
/home/nh/gap_riscv_toolchain_ubuntu/gap_sdk/examples/gap8/basic/helloworld/BUILD/GAP8_V3/GCC_RISCV_PULPOS/test:1c007634 00000080 b __rt_io_event	/home/nh/gap_riscv_toolchain_ubuntu/gap_sdk/gap8/rtos/pulp/pulp-os/libs/io/io.c:39
/home/nh/gap_riscv_toolchain_ubuntu/gap_sdk/examples/gap8/basic/helloworld/BUILD/GAP8_V3/GCC_RISCV_PULPOS/test:1c007470 00000080 d __rt_putc_host_buffer	/home/nh/gap_riscv_toolchain_ubuntu/gap_sdk/gap8/rtos/pulp/pulp-os/libs/io/io.c:47
/home/nh/gap_riscv_toolchain_ubuntu/gap_sdk/examples/gap8/basic/helloworld/BUILD/GAP8_V3/GCC_RISCV_PULPOS/test:1c004d22 00000086 T __pi_gpio_handler	/home/nh/gap_riscv_toolchain_ubuntu/gap_sdk/gap8/rtos/pulp/pulp-os/drivers/gpio/gpio-v2.c:54
/home/nh/gap_riscv_toolchain_ubuntu/gap_sdk/examples/gap8/basic/helloworld/BUILD/GAP8_V3/GCC_RISCV_PULPOS/test:1c001d92 00000088 T __extendsfdf2	/home/gitlab-runner/riscv-gnu-toolchain/riscv-gnu-toolchain/riscv-gcc/libgcc/soft-fp/extendsfdf2.c:37
/home/nh/gap_riscv_toolchain_ubuntu/gap_sdk/examples/gap8/basic/helloworld/BUILD/GAP8_V3/GCC_RISCV_PULPOS/test:1c003ef0 0000008c T __rt_pmu_cluster_power_down	/home/nh/gap_riscv_toolchain_ubuntu/gap_sdk/gap8/rtos/pulp/pulp-os/kernel/gap/pmu_driver.c:205
/home/nh/gap_riscv_toolchain_ubuntu/gap_sdk/examples/gap8/basic/helloworld/BUILD/GAP8_V3/GCC_RISCV_PULPOS/test:1c003ab0 0000008c T __rt_time_init	/home/nh/gap_riscv_toolchain_ubuntu/gap_sdk/gap8/rtos/pulp/pulp-os/kernel/time.c:188
/home/nh/gap_riscv_toolchain_ubuntu/gap_sdk/examples/gap8/basic/helloworld/BUILD/GAP8_V3/GCC_RISCV_PULPOS/test:1c00629e 0000008e T __rt_uart_open	/home/nh/gap_riscv_toolchain_ubuntu/gap_sdk/gap8/rtos/pulp/pulp-os/drivers_deprecated/uart/uart.c:151
/home/nh/gap_riscv_toolchain_ubuntu/gap_sdk/examples/gap8/basic/helloworld/BUILD/GAP8_V3/GCC_RISCV_PULPOS/test:1c0046b8 00000090 T rt_cluster_call	/home/nh/gap_riscv_toolchain_ubuntu/gap_sdk/gap8/rtos/pulp/pulp-os/kernel/pulpos_emu.c:40
/home/nh/gap_riscv_toolchain_ubuntu/gap_sdk/examples/gap8/basic/helloworld/BUILD/GAP8_V3/GCC_RISCV_PULPOS/test:1c0051ae 00000092 t __rt_io_uart_wait_pending	/home/nh/gap_riscv_toolchain_ubuntu/gap_sdk/gap8/rtos/pulp/pulp-os/libs/io/io.c:332
/home/nh/gap_riscv_toolchain_ubuntu/gap_sdk/examples/gap8/basic/helloworld/BUILD/GAP8_V3/GCC_RISCV_PULPOS/test:1c005570 00000092 t _to_x	/home/nh/gap_riscv_toolchain_ubuntu/gap_sdk/gap8/rtos/pulp/pulp-os/libs/io/prf.c:44
/home/nh/gap_riscv_toolchain_ubuntu/gap_sdk/examples/gap8/basic/helloworld/BUILD/GAP8_V3/GCC_RISCV_PULPOS/test:1c00759c 00000098 b __rt_gpio	/home/nh/gap_riscv_toolchain_ubuntu/gap_sdk/gap8/rtos/pulp/pulp-os/drivers/gpio/gpio-v2.c:34
/home/nh/gap_riscv_toolchain_ubuntu/gap_sdk/examples/gap8/basic/helloworld/BUILD/GAP8_V3/GCC_RISCV_PULPOS/test:1c0071f0 00000098 D test_data
/home/nh/gap_riscv_toolchain_ubuntu/gap_sdk/examples/gap8/basic/helloworld/BUILD/GAP8_V3/GCC_RISCV_PULPOS/test:1c007288 00000098 D test_targets
/home/nh/gap_riscv_toolchain_ubuntu/gap_sdk/examples/gap8/basic/helloworld/BUILD/GAP8_V3/GCC_RISCV_PULPOS/test:1c00405a 000000a2 T InitOneFll	/home/nh/gap_riscv_toolchain_ubuntu/gap_sdk/gap8/rtos/pulp/pulp-os/kernel/gap/pmu_driver.c:771
/home/nh/gap_riscv_toolchain_ubuntu/gap_sdk/examples/gap8/basic/helloworld/BUILD/GAP8_V3/GCC_RISCV_PULPOS/test:1c00532a 000000aa t tfp_putc.isra.9	/home/nh/gap_riscv_toolchain_ubuntu/gap_sdk/gap8/rtos/pulp/pulp-os/libs/io/io.c:795
/home/nh/gap_riscv_toolchain_ubuntu/gap_sdk/examples/gap8/basic/helloworld/BUILD/GAP8_V3/GCC_RISCV_PULPOS/test:1c001298 000000ae T __gedf2	/home/gitlab-runner/riscv-gnu-toolchain/riscv-gnu-toolchain/riscv-gcc/libgcc/soft-fp/gedf2.c:35
/home/nh/gap_riscv_toolchain_ubuntu/gap_sdk/examples/gap8/basic/helloworld/BUILD/GAP8_V3/GCC_RISCV_PULPOS/test:1c001298 000000ae T __gtdf2	/home/gitlab-runner/riscv-gnu-toolchain/riscv-gnu-toolchain/riscv-gcc/libgcc/soft-fp/gedf2.c:36
/home/nh/gap_riscv_toolchain_ubuntu/gap_sdk/examples/gap8/basic/helloworld/BUILD/GAP8_V3/GCC_RISCV_PULPOS/test:1c002b78 000000b8 T testNN
/home/nh/gap_riscv_toolchain_ubuntu/gap_sdk/examples/gap8/basic/helloworld/BUILD/GAP8_V3/GCC_RISCV_PULPOS/test:1c004204 000000ba T __rt_pmu_init	/home/nh/gap_riscv_toolchain_ubuntu/gap_sdk/gap8/rtos/pulp/pulp-os/kernel/gap/pmu_driver.c:472
/home/nh/gap_riscv_toolchain_ubuntu/gap_sdk/examples/gap8/basic/helloworld/BUILD/GAP8_V3/GCC_RISCV_PULPOS/test:1c007368 000000c0 D __hal_debug_struct
/home/nh/gap_riscv_toolchain_ubuntu/gap_sdk/examples/gap8/basic/helloworld/BUILD/GAP8_V3/GCC_RISCV_PULPOS/test:1c00288e 000000c2 T predict
/home/nh/gap_riscv_toolchain_ubuntu/gap_sdk/examples/gap8/basic/helloworld/BUILD/GAP8_V3/GCC_RISCV_PULPOS/test:1c0040fc 000000c8 T __rt_pmu_cluster_power_up
/home/nh/gap_riscv_toolchain_ubuntu/gap_sdk/examples/gap8/basic/helloworld/BUILD/GAP8_V3/GCC_RISCV_PULPOS/test:1c0044ca 000000d4 T pi_cluster_open	/home/nh/gap_riscv_toolchain_ubuntu/gap_sdk/gap8/rtos/pulp/pulp-os/kernel/cluster.c:343
/home/nh/gap_riscv_toolchain_ubuntu/gap_sdk/examples/gap8/basic/helloworld/BUILD/GAP8_V3/GCC_RISCV_PULPOS/test:1c0050d8 000000d6 t __rt_io_uart_flush.constprop.11	/home/nh/gap_riscv_toolchain_ubuntu/gap_sdk/gap8/rtos/pulp/pulp-os/libs/io/io.c:795
/home/nh/gap_riscv_toolchain_ubuntu/gap_sdk/examples/gap8/basic/helloworld/BUILD/GAP8_V3/GCC_RISCV_PULPOS/test:1c003f7c 000000de T SetFllFrequency
/home/nh/gap_riscv_toolchain_ubuntu/gap_sdk/examples/gap8/basic/helloworld/BUILD/GAP8_V3/GCC_RISCV_PULPOS/test:1c003b3c 000000f2 T __rt_timer_handler	/home/nh/gap_riscv_toolchain_ubuntu/gap_sdk/gap8/rtos/pulp/pulp-os/kernel/time_irq.c:30
/home/nh/gap_riscv_toolchain_ubuntu/gap_sdk/examples/gap8/basic/helloworld/BUILD/GAP8_V3/GCC_RISCV_PULPOS/test:1c0047a2 000000fa T pi_cluster_send_task_to_cl_async	/home/nh/gap_riscv_toolchain_ubuntu/gap_sdk/gap8/rtos/pulp/pulp-os/kernel/cluster_call.c:65
/home/nh/gap_riscv_toolchain_ubuntu/gap_sdk/examples/gap8/basic/helloworld/BUILD/GAP8_V3/GCC_RISCV_PULPOS/test:1c0068e4 00000100 R __clz_tab
/home/nh/gap_riscv_toolchain_ubuntu/gap_sdk/examples/gap8/basic/helloworld/BUILD/GAP8_V3/GCC_RISCV_PULPOS/test:1c002e26 0000010e T helloworld
/home/nh/gap_riscv_toolchain_ubuntu/gap_sdk/examples/gap8/basic/helloworld/BUILD/GAP8_V3/GCC_RISCV_PULPOS/test:1c001e1a 00000114 T __truncdfsf2	/home/gitlab-runner/riscv-gnu-toolchain/riscv-gnu-toolchain/riscv-gcc/libgcc/soft-fp/truncdfsf2.c:36
/home/nh/gap_riscv_toolchain_ubuntu/gap_sdk/examples/gap8/basic/helloworld/BUILD/GAP8_V3/GCC_RISCV_PULPOS/test:1c0043a0 00000124 t __rt_cluster_mount_step	/home/nh/gap_riscv_toolchain_ubuntu/gap_sdk/gap8/rtos/pulp/pulp-os/kernel/cluster.c:221
/home/nh/gap_riscv_toolchain_ubuntu/gap_sdk/examples/gap8/basic/helloworld/BUILD/GAP8_V3/GCC_RISCV_PULPOS/test:1c002950 00000130 T train
/home/nh/gap_riscv_toolchain_ubuntu/gap_sdk/examples/gap8/basic/helloworld/BUILD/GAP8_V3/GCC_RISCV_PULPOS/test:1c003c2e 00000134 T rt_periph_copy	/home/nh/gap_riscv_toolchain_ubuntu/gap_sdk/gap8/rtos/pulp/pulp-os/kernel/periph-v2.c:58
/home/nh/gap_riscv_toolchain_ubuntu/gap_sdk/examples/gap8/basic/helloworld/BUILD/GAP8_V3/GCC_RISCV_PULPOS/test:1c002f86 00000166 T __rt_init	/home/nh/gap_riscv_toolchain_ubuntu/gap_sdk/gap8/rtos/pulp/pulp-os/kernel/init.c:74
/home/nh/gap_riscv_toolchain_ubuntu/gap_sdk/examples/gap8/basic/helloworld/BUILD/GAP8_V3/GCC_RISCV_PULPOS/test:1c002ca8 0000017e T cluster_delegate
/home/nh/gap_riscv_toolchain_ubuntu/gap_sdk/examples/gap8/basic/helloworld/BUILD/GAP8_V3/GCC_RISCV_PULPOS/test:1c00203c 0000020e t cpu_perf_get
/home/nh/gap_riscv_toolchain_ubuntu/gap_sdk/examples/gap8/basic/helloworld/BUILD/GAP8_V3/GCC_RISCV_PULPOS/test:00000030 00000280 D periph_channels
/home/nh/gap_riscv_toolchain_ubuntu/gap_sdk/examples/gap8/basic/helloworld/BUILD/GAP8_V3/GCC_RISCV_PULPOS/test:1c004a3a 0000028c t __pi_hyper_copy_misaligned	/home/nh/gap_riscv_toolchain_ubuntu/gap_sdk/gap8/rtos/pulp/pulp-os/drivers/hyper/hyperram-v1.c:806
/home/nh/gap_riscv_toolchain_ubuntu/gap_sdk/examples/gap8/basic/helloworld/BUILD/GAP8_V3/GCC_RISCV_PULPOS/test:1c006f18 000002d8 D targets
/home/nh/gap_riscv_toolchain_ubuntu/gap_sdk/examples/gap8/basic/helloworld/BUILD/GAP8_V3/GCC_RISCV_PULPOS/test:1c006c40 000002d8 D training_data
/home/nh/gap_riscv_toolchain_ubuntu/gap_sdk/examples/gap8/basic/helloworld/BUILD/GAP8_V3/GCC_RISCV_PULPOS/test:1c00096c 0000032e T __umoddi3	/home/gitlab-runner/riscv-gnu-toolchain/riscv-gnu-toolchain/riscv-gcc/libgcc/libgcc2.c:1305
/home/nh/gap_riscv_toolchain_ubuntu/gap_sdk/examples/gap8/basic/helloworld/BUILD/GAP8_V3/GCC_RISCV_PULPOS/test:1c000630 0000033c T __udivdi3	/home/gitlab-runner/riscv-gnu-toolchain/riscv-gnu-toolchain/riscv-gcc/libgcc/libgcc2.c:1317
/home/nh/gap_riscv_toolchain_ubuntu/gap_sdk/examples/gap8/basic/helloworld/BUILD/GAP8_V3/GCC_RISCV_PULPOS/test:1c001346 0000043a T __muldf3	/home/gitlab-runner/riscv-gnu-toolchain/riscv-gnu-toolchain/riscv-gcc/libgcc/soft-fp/muldf3.c:35
/home/nh/gap_riscv_toolchain_ubuntu/gap_sdk/examples/gap8/basic/helloworld/BUILD/GAP8_V3/GCC_RISCV_PULPOS/test:1c000c9a 000005fe T __adddf3	/home/gitlab-runner/riscv-gnu-toolchain/riscv-gnu-toolchain/riscv-gcc/libgcc/soft-fp/adddf3.c:35
/home/nh/gap_riscv_toolchain_ubuntu/gap_sdk/examples/gap8/basic/helloworld/BUILD/GAP8_V3/GCC_RISCV_PULPOS/test:1c001780 00000612 T __subdf3	/home/gitlab-runner/riscv-gnu-toolchain/riscv-gnu-toolchain/riscv-gcc/libgcc/soft-fp/subdf3.c:35
/home/nh/gap_riscv_toolchain_ubuntu/gap_sdk/examples/gap8/basic/helloworld/BUILD/GAP8_V3/GCC_RISCV_PULPOS/test:1b000398 00000800 D __rt_fc_stack
/home/nh/gap_riscv_toolchain_ubuntu/gap_sdk/examples/gap8/basic/helloworld/BUILD/GAP8_V3/GCC_RISCV_PULPOS/test:1c00569a 00000ab6 T _prf	/home/nh/gap_riscv_toolchain_ubuntu/gap_sdk/gap8/rtos/pulp/pulp-os/libs/io/prf.c:437
